###############################################################################
#
# IAR ELF Linker V3.10.1.201 for STM8                     08/Jul/2019  10:34:26
# Copyright 2010-2017 IAR Systems AB.
#
#    Output file  =  
#        C:\Users\Administrator\Desktop\spi_test\spi_host\pro\Debug\Exe\spi_host.out
#    Map file     =  
#        C:\Users\Administrator\Desktop\spi_test\spi_host\pro\Debug\List\spi_host.map
#    Command line =  
#        -f C:\Users\ADMINI~1\AppData\Local\Temp\EW18C6.tmp
#        (C:\Users\Administrator\Desktop\spi_test\spi_host\pro\Debug\Obj\bsp_led.o
#        C:\Users\Administrator\Desktop\spi_test\spi_host\pro\Debug\Obj\bsp_spi.o
#        C:\Users\Administrator\Desktop\spi_test\spi_host\pro\Debug\Obj\bsp_timer.o
#        C:\Users\Administrator\Desktop\spi_test\spi_host\pro\Debug\Obj\main.o
#        C:\Users\Administrator\Desktop\spi_test\spi_host\pro\Debug\Obj\stm8s_clk.o
#        C:\Users\Administrator\Desktop\spi_test\spi_host\pro\Debug\Obj\stm8s_gpio.o
#        C:\Users\Administrator\Desktop\spi_test\spi_host\pro\Debug\Obj\stm8s_it.o
#        C:\Users\Administrator\Desktop\spi_test\spi_host\pro\Debug\Obj\stm8s_iwdg.o
#        C:\Users\Administrator\Desktop\spi_test\spi_host\pro\Debug\Obj\stm8s_spi.o
#        C:\Users\Administrator\Desktop\spi_test\spi_host\pro\Debug\Obj\stm8s_tim4.o
#        C:\Users\Administrator\Desktop\spi_test\spi_host\pro\Debug\Obj\stm8s_uart1.o
#        C:\Users\Administrator\Desktop\spi_test\spi_host\pro\Debug\Obj\system.o
#        C:\Users\Administrator\Desktop\spi_test\spi_host\pro\Debug\Obj\TimeOut.o
#        --redirect _Printf=_PrintfSmall --redirect _Scanf=_ScanfSmall -o
#        C:\Users\Administrator\Desktop\spi_test\spi_host\pro\Debug\Exe\spi_host.out
#        --map
#        C:\Users\Administrator\Desktop\spi_test\spi_host\pro\Debug\List\spi_host.map
#        --config "C:\Program Files (x86)\IAR Systems\Embedded Workbench
#        8.0\stm8\config\lnkstm8s103f3.icf" --config_def _CSTACK_SIZE=0x100
#        --config_def _HEAP_SIZE=0x100 --entry __iar_program_start --debug_lib)
#
###############################################################################

*******************************************************************************
*** RUNTIME MODEL ATTRIBUTES
***

__SystemLibrary            = DLib
__code_model               = small
__core                     = stm8
__data_model               = medium
__dlib_file_descriptor     = 0
__dlib_full_locale_support = 0
__rt_version               = 4


*******************************************************************************
*** PLACEMENT SUMMARY
***

"A0":  place at start of [0x000000-0x0000ff] { rw section .vregs };
"A1":  place at end of [0x000000-0x0003ff] { block CSTACK };
"P2":  place in [from 0x000000 to 0x0003ff] {
          block HEAP, rw section __DLIB_PERTHREAD, rw section .far.bss,
          rw section .far.data, rw section .far.noinit,
          rw section .far_func.textrw, rw section .huge.bss,
          rw section .huge.data, rw section .huge.noinit,
          rw section .huge_func.textrw, rw section .iar.dynexit,
          rw section .near.bss, rw section .near.data, rw section .near.noinit,
          rw section .near_func.textrw };
"A2":  place at start of [0x008000-0x009fff] { block INTVEC };
"P3":  place in [from 0x008000 to 0x009fff] {
          ro section __DLIB_PERTHREAD_init, ro section .far.data_init,
          ro section .far_func.textrw_init, ro section .huge.data_init,
          ro section .huge_func.textrw_init, ro section .iar.init_table,
          ro section .init_array, ro section .near.data_init,
          ro section .near.rodata, ro section .near_func.text,
          ro section .near_func.textrw_init, ro section .tiny.data_init,
          ro section .tiny.rodata_init };
"P4":  place in [from 0x008000 to 0x009fff] {
          ro section .far.rodata, ro section .far_func.text };
"P5":  place in [from 0x008000 to 0x009fff] {
          ro section .huge.rodata, ro section .huge_func.text };
do not initialize {
   rw section .eeprom.noinit, rw section .far.noinit, rw section .huge.noinit,
   rw section .near.noinit, rw section .tiny.noinit, rw section .vregs };

  Section          Kind      Address   Size  Object
  -------          ----      -------   ----  ------
"A0":                                  0x10
  .vregs           uninit   0x000000   0x10  vregs.o [4]
                          - 0x000010   0x10

"P2":                                  0x16
  .near.bss        zero     0x000010   0x10  system.o [1]
  .near.bss        zero     0x000020    0x2  TimeOut.o [1]
  .near.bss        zero     0x000022    0x1  bsp_spi.o [1]
  .near.bss        zero     0x000023    0x1  bsp_spi.o [1]
  .near.bss        zero     0x000024    0x1  bsp_spi.o [1]
  .near.bss        zero     0x000025    0x1  system.o [1]
                          - 0x000026   0x16

"A1":                                 0x100
  CSTACK                    0x000300  0x100  <Block>
    CSTACK         uninit   0x000300  0x100  <Block tail>
                          - 0x000400  0x100

"A2":                                  0x80
  INTVEC                    0x008000   0x80  <Block>
    .intvec        const    0x008000   0x80  interrupt.o [4]
                          - 0x008080   0x80

"P3-P5":                              0x8ac
  .near_func.text  ro code  0x008080  0x13f  stm8s_spi.o [1]
  .near_func.text  ro code  0x0081bf  0x110  stm8s_gpio.o [1]
  .near_func.text  ro code  0x0082cf   0x97  vreg_util.o [4]
  .near_func.text  ro code  0x008366   0x56  stm8s_spi.o [1]
  .near_func.text  ro code  0x0083bc   0x51  stm8s_tim4.o [1]
  .near_func.text  ro code  0x00840d   0x50  stm8s_tim4.o [1]
  .near_func.text  ro code  0x00845d   0x49  system.o [1]
  .near.rodata     const    0x0084a6   0x47  stm8s_uart1.o [1]
  .near_func.text  ro code  0x0084ed   0x47  bsp_spi.o [1]
  .near.rodata     const    0x008534   0x46  stm8s_gpio.o [1]
  .near.rodata     const    0x00857a   0x46  stm8s_tim4.o [1]
  .near.rodata     const    0x0085c0   0x45  stm8s_spi.o [1]
  .near_func.text  ro code  0x008605   0x44  bsp_spi.o [1]
  .near_func.text  ro code  0x008649   0x37  stm8s_spi.o [1]
  .near_func.text  ro code  0x008680   0x36  bsp_spi.o [1]
  .near_func.text  ro code  0x0086b6   0x36  stm8s_uart1.o [1]
  .near_func.text  ro code  0x0086ec   0x2f  stm8s_tim4.o [1]
  .near_func.text  ro code  0x00871b   0x27  bsp_spi.o [1]
  .near_func.text  ro code  0x008742   0x24  stm8s_tim4.o [1]
  .near_func.text  ro code  0x008766   0x21  TimeOut.o [1]
  .iar.init_table  const    0x008787    0x8  - Linker created -
  .near_func.text  ro code  0x00878f   0x20  bsp_spi.o [1]
  .near_func.text  ro code  0x0087af   0x1e  init_small.o [4]
  .near_func.text  ro code  0x0087cd   0x1b  stm8s_it.o [1]
  .near_func.text  ro code  0x0087e8   0x1a  bsp_timer.o [1]
  .near_func.text  ro code  0x008802   0x19  stm8s_it.o [1]
  .near_func.text  ro code  0x00881b   0x19  stm8s_tim4.o [1]
  .near_func.text  ro code  0x008834   0x16  memset.o [4]
  .near_func.text  ro code  0x00884a   0x15  stm8s_spi.o [1]
  .near_func.text  ro code  0x00885f   0x14  bsp_led.o [1]
  .near_func.text  ro code  0x008873   0x14  bsp_spi.o [1]
  .near_func.text  ro code  0x008887   0x14  init.o [4]
  .near_func.text  ro code  0x00889b   0x14  __dbg_xxexit.o [3]
  .near_func.text  ro code  0x0088af   0x13  cstartup.o [4]
  .near_func.text  ro code  0x0088c2   0x12  TimeOut.o [1]
  .near_func.text  ro code  0x0088d4    0xe  system.o [1]
  .near_func.text  ro code  0x0088e2    0x8  main.o [1]
  .near_func.text  ro code  0x0088ea    0x8  TimeOut.o [1]
  .near_func.text  ro code  0x0088f2    0x7  stm8s_gpio.o [1]
  .near_func.text  ro code  0x0088f9    0x5  TimeOut.o [1]
  .near_func.text  ro code  0x0088fe    0x5  cexit.o [4]
  .near_func.text  ro code  0x008903    0x4  stm8s_gpio.o [1]
  .near_func.text  ro code  0x008907    0x4  TimeOut.o [1]
  .near_func.text  ro code  0x00890b    0x3  interrupt.o [4]
  .near_func.text  ro code  0x00890e    0x3  low_level_init.o [4]
  .near_func.text  ro code  0x008911    0x3  exit.o [4]
  .near_func.text  ro code  0x008914    0x3  unhandled_exception.o [4]
  .near_func.text  ro code  0x008917    0x2  main.o [1]
  .near_func.text  ro code  0x008919    0x1  stm8s_it.o [1]
  .near_func.text  ro code  0x00891a    0x1  stm8s_it.o [1]
  .near_func.text  ro code  0x00891b    0x1  stm8s_it.o [1]
  .near_func.text  ro code  0x00891c    0x1  stm8s_it.o [1]
  .near_func.text  ro code  0x00891d    0x1  stm8s_it.o [1]
  .near_func.text  ro code  0x00891e    0x1  stm8s_it.o [1]
  .near_func.text  ro code  0x00891f    0x1  stm8s_it.o [1]
  .near_func.text  ro code  0x008920    0x1  stm8s_it.o [1]
  .near_func.text  ro code  0x008921    0x1  stm8s_it.o [1]
  .near_func.text  ro code  0x008922    0x1  stm8s_it.o [1]
  .near_func.text  ro code  0x008923    0x1  stm8s_it.o [1]
  .near_func.text  ro code  0x008924    0x1  stm8s_it.o [1]
  .near_func.text  ro code  0x008925    0x1  stm8s_it.o [1]
  .near_func.text  ro code  0x008926    0x1  stm8s_it.o [1]
  .near_func.text  ro code  0x008927    0x1  stm8s_it.o [1]
  .near_func.text  ro code  0x008928    0x1  stm8s_it.o [1]
  .near_func.text  ro code  0x008929    0x1  stm8s_it.o [1]
  .near_func.text  ro code  0x00892a    0x1  stm8s_it.o [1]
  .near_func.text  ro code  0x00892b    0x1  __dbg_break.o [3]
                          - 0x00892c  0x8ac


*******************************************************************************
*** INIT TABLE
***

          Address   Size
          -------   ----
Zero (__iar_zero_init2)
    1 destination range, total size 0x16:
          0x000010  0x16



*******************************************************************************
*** MODULE SUMMARY
***

    Module                 ro code  ro data  rw data
    ------                 -------  -------  -------
C:\Users\Administrator\Desktop\spi_test\spi_host\pro\Debug\Obj: [1]
    TimeOut.o                   68                 2
    bsp_led.o                   20
    bsp_spi.o                  284                 3
    bsp_timer.o                 26
    main.o                      10
    stm8s_gpio.o               283       70
    stm8s_it.o                  70
    stm8s_spi.o                481       69
    stm8s_tim4.o               269       70
    stm8s_uart1.o               54       71
    system.o                    87                17
    ------------------------------------------------
    Total:                   1 652      280       22

command line: [2]
    ------------------------------------------------
    Total:

dbgstm8smd.a: [3]
    __dbg_break.o                1
    __dbg_xxexit.o              20
    ------------------------------------------------
    Total:                      21

dlstm8smn.a: [4]
    cexit.o                      5
    cstartup.o                  19
    exit.o                       3
    init.o                      20
    init_small.o                30
    interrupt.o                  3      128
    low_level_init.o             3
    memset.o                    22
    unhandled_exception.o        3
    vreg_util.o                151
    vregs.o                                       16
    ------------------------------------------------
    Total:                     259      128       16

    Linker created                        8      256
----------------------------------------------------
    Grand Total:             1 932      416      294


*******************************************************************************
*** ENTRY LIST
***

Entry                    Address   Size  Type      Object
-----                    -------   ----  ----      ------
.iar.init_table$$Base   0x008787          --   Gb  - Linker created -
.iar.init_table$$Limit  0x00878f          --   Gb  - Linker created -
?b0                     0x000000         Data  Gb  vregs.o [4]
?b1                     0x000001         Data  Gb  vregs.o [4]
?b10                    0x00000a         Data  Gb  vregs.o [4]
?b11                    0x00000b         Data  Gb  vregs.o [4]
?b12                    0x00000c         Data  Gb  vregs.o [4]
?b13                    0x00000d         Data  Gb  vregs.o [4]
?b14                    0x00000e         Data  Gb  vregs.o [4]
?b15                    0x00000f         Data  Gb  vregs.o [4]
?b2                     0x000002         Data  Gb  vregs.o [4]
?b3                     0x000003         Data  Gb  vregs.o [4]
?b4                     0x000004         Data  Gb  vregs.o [4]
?b5                     0x000005         Data  Gb  vregs.o [4]
?b6                     0x000006         Data  Gb  vregs.o [4]
?b7                     0x000007         Data  Gb  vregs.o [4]
?b8                     0x000008         Data  Gb  vregs.o [4]
?b9                     0x000009         Data  Gb  vregs.o [4]
?e0                     0x000001         Data  Gb  vregs.o [4]
?e1                     0x000005         Data  Gb  vregs.o [4]
?e2                     0x000009         Data  Gb  vregs.o [4]
?e3                     0x00000d         Data  Gb  vregs.o [4]
?epilogue_l2            0x00835e         Code  Gb  vreg_util.o [4]
?epilogue_l2_l3         0x00835b         Code  Gb  vreg_util.o [4]
?epilogue_w4            0x008362         Code  Gb  vreg_util.o [4]
?l0                     0x000000         Data  Gb  vregs.o [4]
?l1                     0x000004         Data  Gb  vregs.o [4]
?l2                     0x000008         Data  Gb  vregs.o [4]
?l3                     0x00000c         Data  Gb  vregs.o [4]
?pop_l0                 0x008327         Code  Gb  vreg_util.o [4]
?pop_l1                 0x008332         Code  Gb  vreg_util.o [4]
?pop_l2                 0x00833d         Code  Gb  vreg_util.o [4]
?pop_l3                 0x008348         Code  Gb  vreg_util.o [4]
?pop_w4                 0x0082e7         Code  Gb  vreg_util.o [4]
?push_l0                0x0082f6         Code  Gb  vreg_util.o [4]
?push_l1                0x0082fb         Code  Gb  vreg_util.o [4]
?push_l2                0x008300         Code  Gb  vreg_util.o [4]
?push_l3                0x008305         Code  Gb  vreg_util.o [4]
?push_w4                0x0082cf         Code  Gb  vreg_util.o [4]
?w0                     0x000000         Data  Gb  vregs.o [4]
?w1                     0x000002         Data  Gb  vregs.o [4]
?w2                     0x000004         Data  Gb  vregs.o [4]
?w3                     0x000006         Data  Gb  vregs.o [4]
?w4                     0x000008         Data  Gb  vregs.o [4]
?w5                     0x00000a         Data  Gb  vregs.o [4]
?w6                     0x00000c         Data  Gb  vregs.o [4]
?w7                     0x00000e         Data  Gb  vregs.o [4]
ADC1_IRQHandler         0x008929    0x1  Code  Gb  stm8s_it.o [1]
AWU_IRQHandler          0x00891b    0x1  Code  Gb  stm8s_it.o [1]
CLK_IRQHandler          0x00891c    0x1  Code  Gb  stm8s_it.o [1]
CSTACK$$Base            0x000300          --   Gb  - Linker created -
CSTACK$$Limit           0x000400          --   Gb  - Linker created -
CS_Init                 0x008873   0x14  Code  Lc  bsp_spi.o [1]
Delay_Time              0x00878f   0x20  Code  Gb  bsp_spi.o [1]
Delay_Time::Cnts        0x000022    0x1  Data  Lc  bsp_spi.o [1]
Delay_Time::Counts      0x000023    0x1  Data  Lc  bsp_spi.o [1]
EEPROM_EEC_IRQHandler   0x00892a    0x1  Code  Gb  stm8s_it.o [1]
EXTI_PORTA_IRQHandler   0x00891d    0x1  Code  Gb  stm8s_it.o [1]
EXTI_PORTB_IRQHandler   0x00891e    0x1  Code  Gb  stm8s_it.o [1]
EXTI_PORTC_IRQHandler   0x00891f    0x1  Code  Gb  stm8s_it.o [1]
EXTI_PORTD_IRQHandler   0x008920    0x1  Code  Gb  stm8s_it.o [1]
EXTI_PORTE_IRQHandler   0x008921    0x1  Code  Gb  stm8s_it.o [1]
GPIO_Init               0x0081bf  0x110  Code  Gb  stm8s_gpio.o [1]
GPIO_WriteHigh          0x0088f2    0x7  Code  Gb  stm8s_gpio.o [1]
GPIO_WriteLow           0x008903    0x4  Code  Gb  stm8s_gpio.o [1]
I2C_IRQHandler          0x008928    0x1  Code  Gb  stm8s_it.o [1]
INTVEC$$Base            0x008000          --   Gb  - Linker created -
INTVEC$$Limit           0x008080          --   Gb  - Linker created -
InsBaseNum              0x000020    0x2  Data  Gb  TimeOut.o [1]
Led_Init                0x00885f   0x14  Code  Gb  bsp_led.o [1]
Protocol_Send           0x008605   0x44  Code  Gb  bsp_spi.o [1]
Region$$Table$$Base     0x008787          --   Gb  - Linker created -
Region$$Table$$Limit    0x00878f          --   Gb  - Linker created -
SPI_Cmd                 0x008649   0x2f  Code  Gb  stm8s_spi.o [1]
SPI_DeInit              0x00884a   0x15  Code  Gb  stm8s_spi.o [1]
SPI_GetFlagStatus       0x008366   0x56  Code  Gb  stm8s_spi.o [1]
SPI_IRQHandler          0x008922    0x1  Code  Gb  stm8s_it.o [1]
SPI_Init                0x008080  0x13f  Code  Gb  stm8s_spi.o [1]
SPI_ReceiveData         0x00867c    0x4  Code  Gb  stm8s_spi.o [1]
SPI_SendData            0x008678    0x4  Code  Gb  stm8s_spi.o [1]
SendData                0x00871b   0x27  Code  Lc  bsp_spi.o [1]
SendData::i             0x000024    0x1  Data  Lc  bsp_spi.o [1]
Spi_Init                0x0084ed   0x47  Code  Gb  bsp_spi.o [1]
System_Handle           0x00845d   0x49  Code  Gb  system.o [1]
System_Handle::Cnts     0x000025    0x1  Data  Lc  system.o [1]
System_Init             0x0088d4    0xe  Code  Gb  system.o [1]
TIM1_CAP_COM_IRQHandler
                        0x008924    0x1  Code  Gb  stm8s_it.o [1]
TIM1_UPD_OVF_TRG_BRK_IRQHandler
                        0x008923    0x1  Code  Gb  stm8s_it.o [1]
TIM2_CAP_COM_IRQHandler
                        0x008926    0x1  Code  Gb  stm8s_it.o [1]
TIM2_UPD_OVF_BRK_IRQHandler
                        0x008925    0x1  Code  Gb  stm8s_it.o [1]
TIM4_ClearITPendingBit  0x008742   0x24  Code  Gb  stm8s_tim4.o [1]
TIM4_Cmd                0x0086ec   0x2f  Code  Gb  stm8s_tim4.o [1]
TIM4_DeInit             0x00881b   0x19  Code  Gb  stm8s_tim4.o [1]
TIM4_ITConfig           0x00840d   0x50  Code  Gb  stm8s_tim4.o [1]
TIM4_TimeBaseInit       0x0083bc   0x51  Code  Gb  stm8s_tim4.o [1]
TIM4_UPD_OVF_IRQHandler
                        0x0087cd   0x1b  Code  Gb  stm8s_it.o [1]
TLI_IRQHandler          0x00891a    0x1  Code  Gb  stm8s_it.o [1]
TRAP_IRQHandler         0x008919    0x1  Code  Gb  stm8s_it.o [1]
TimeOutDet_Check        0x008766   0x21  Code  Gb  TimeOut.o [1]
TimeOutDet_DecHandle    0x0088ea    0x8  Code  Gb  TimeOut.o [1]
TimeOutDet_Init         0x0088f9    0x5  Code  Gb  TimeOut.o [1]
TimeOut_BaseValue       0x008907    0x4  Code  Gb  TimeOut.o [1]
TimeOut_Para            0x000010   0x10  Data  Gb  system.o [1]
TimeOut_Record          0x0088c2   0x12  Code  Gb  TimeOut.o [1]
Timer_Init              0x0087e8   0x1a  Code  Gb  bsp_timer.o [1]
UART1_ClearITPendingBit
                        0x0086b6   0x36  Code  Gb  stm8s_uart1.o [1]
UART1_RX_IRQHandler     0x008802   0x19  Code  Gb  stm8s_it.o [1]
UART1_TX_IRQHandler     0x008927    0x1  Code  Gb  stm8s_it.o [1]
__DebugBreak            0x00892b    0x1  Code  Gb  __dbg_break.o [3]
__exit                  0x00889b   0x14  Code  Gb  __dbg_xxexit.o [3]
__iar_data_init2        0x008887   0x14  Code  Gb  init.o [4]
__iar_program_start     0x0088af         Code  Gb  cstartup.o [4]
__iar_unhandled_exception
                        0x008914         Code  Gb  unhandled_exception.o [4]
__iar_zero_init2        0x0087af         Code  Gb  init_small.o [4]
__intvec                0x008000         Data  Gb  interrupt.o [4]
__low_level_init        0x00890e    0x3  Code  Gb  low_level_init.o [4]
_exit                   0x0088fe         Code  Gb  cexit.o [4]
_interrupt_1            0x008919         Code  Gb  stm8s_it.o [1]
_interrupt_12           0x008922         Code  Gb  stm8s_it.o [1]
_interrupt_13           0x008923         Code  Gb  stm8s_it.o [1]
_interrupt_14           0x008924         Code  Gb  stm8s_it.o [1]
_interrupt_15           0x008925         Code  Gb  stm8s_it.o [1]
_interrupt_16           0x008926         Code  Gb  stm8s_it.o [1]
_interrupt_19           0x008927         Code  Gb  stm8s_it.o [1]
_interrupt_2            0x00891a         Code  Gb  stm8s_it.o [1]
_interrupt_20           0x008802         Code  Gb  stm8s_it.o [1]
_interrupt_21           0x008928         Code  Gb  stm8s_it.o [1]
_interrupt_24           0x008929         Code  Gb  stm8s_it.o [1]
_interrupt_25           0x0087cd         Code  Gb  stm8s_it.o [1]
_interrupt_26           0x00892a         Code  Gb  stm8s_it.o [1]
_interrupt_3            0x00891b         Code  Gb  stm8s_it.o [1]
_interrupt_4            0x00891c         Code  Gb  stm8s_it.o [1]
_interrupt_5            0x00891d         Code  Gb  stm8s_it.o [1]
_interrupt_6            0x00891e         Code  Gb  stm8s_it.o [1]
_interrupt_7            0x00891f         Code  Gb  stm8s_it.o [1]
_interrupt_8            0x008920         Code  Gb  stm8s_it.o [1]
_interrupt_9            0x008921         Code  Gb  stm8s_it.o [1]
assert_failed           0x008917    0x2  Code  Gb  main.o [1]
exit                    0x008911    0x3  Code  Gb  exit.o [4]
main                    0x0088e2    0x8  Code  Gb  main.o [1]
memset                  0x008834   0x16  Code  Gb  memset.o [4]
spi_rw                  0x008680   0x36  Code  Lc  bsp_spi.o [1]


[1] = C:\Users\Administrator\Desktop\spi_test\spi_host\pro\Debug\Obj
[2] = command line
[3] = dbgstm8smd.a
[4] = dlstm8smn.a

  1 932 bytes of readonly  code memory
    416 bytes of readonly  data memory
    294 bytes of readwrite data memory

Errors: none
Warnings: none
