###############################################################################
#
# IAR ELF Linker V3.10.1.201 for STM8                     06/Jul/2019  20:46:40
# Copyright 2010-2017 IAR Systems AB.
#
#    Output file  =  
#        C:\Users\Administrator\Desktop\spi_slave\pro\Debug\Exe\spi_slave.out
#    Map file     =  
#        C:\Users\Administrator\Desktop\spi_slave\pro\Debug\List\spi_slave.map
#    Command line =  
#        -f C:\Users\ADMINI~1\AppData\Local\Temp\EWC28.tmp
#        (C:\Users\Administrator\Desktop\spi_slave\pro\Debug\Obj\bsp_led.o
#        C:\Users\Administrator\Desktop\spi_slave\pro\Debug\Obj\bsp_spi.o
#        C:\Users\Administrator\Desktop\spi_slave\pro\Debug\Obj\main.o
#        C:\Users\Administrator\Desktop\spi_slave\pro\Debug\Obj\stm8s_clk.o
#        C:\Users\Administrator\Desktop\spi_slave\pro\Debug\Obj\stm8s_gpio.o
#        C:\Users\Administrator\Desktop\spi_slave\pro\Debug\Obj\stm8s_it.o
#        C:\Users\Administrator\Desktop\spi_slave\pro\Debug\Obj\stm8s_iwdg.o
#        C:\Users\Administrator\Desktop\spi_slave\pro\Debug\Obj\stm8s_spi.o
#        C:\Users\Administrator\Desktop\spi_slave\pro\Debug\Obj\stm8s_tim4.o
#        C:\Users\Administrator\Desktop\spi_slave\pro\Debug\Obj\stm8s_uart1.o
#        C:\Users\Administrator\Desktop\spi_slave\pro\Debug\Obj\system.o
#        --redirect _Printf=_PrintfSmall --redirect _Scanf=_ScanfSmall -o
#        C:\Users\Administrator\Desktop\spi_slave\pro\Debug\Exe\spi_slave.out
#        --map
#        C:\Users\Administrator\Desktop\spi_slave\pro\Debug\List\spi_slave.map
#        --config "C:\Program Files (x86)\IAR Systems\Embedded Workbench
#        8.0\stm8\config\lnkstm8s103f3.icf" --config_def _CSTACK_SIZE=0x100
#        --config_def _HEAP_SIZE=0x100 --entry __iar_program_start --debug_lib)
#
###############################################################################

*******************************************************************************
*** RUNTIME MODEL ATTRIBUTES
***

__SystemLibrary            = DLib
__code_model               = small
__core                     = stm8
__data_model               = medium
__dlib_file_descriptor     = 0
__dlib_full_locale_support = 0
__rt_version               = 4


*******************************************************************************
*** PLACEMENT SUMMARY
***

"A0":  place at start of [0x000000-0x0000ff] { rw section .vregs };
"A1":  place at end of [0x000000-0x0003ff] { block CSTACK };
"P2":  place in [from 0x000000 to 0x0003ff] {
          block HEAP, rw section __DLIB_PERTHREAD, rw section .far.bss,
          rw section .far.data, rw section .far.noinit,
          rw section .far_func.textrw, rw section .huge.bss,
          rw section .huge.data, rw section .huge.noinit,
          rw section .huge_func.textrw, rw section .iar.dynexit,
          rw section .near.bss, rw section .near.data, rw section .near.noinit,
          rw section .near_func.textrw };
"A2":  place at start of [0x008000-0x009fff] { block INTVEC };
"P3":  place in [from 0x008000 to 0x009fff] {
          ro section __DLIB_PERTHREAD_init, ro section .far.data_init,
          ro section .far_func.textrw_init, ro section .huge.data_init,
          ro section .huge_func.textrw_init, ro section .iar.init_table,
          ro section .init_array, ro section .near.data_init,
          ro section .near.rodata, ro section .near_func.text,
          ro section .near_func.textrw_init, ro section .tiny.data_init,
          ro section .tiny.rodata_init };
"P4":  place in [from 0x008000 to 0x009fff] {
          ro section .far.rodata, ro section .far_func.text };
"P5":  place in [from 0x008000 to 0x009fff] {
          ro section .huge.rodata, ro section .huge_func.text };
do not initialize {
   rw section .eeprom.noinit, rw section .far.noinit, rw section .huge.noinit,
   rw section .near.noinit, rw section .tiny.noinit, rw section .vregs };

  Section          Kind      Address   Size  Object
  -------          ----      -------   ----  ------
"A0":                                  0x10
  .vregs           uninit   0x000000   0x10  vregs.o [4]
                          - 0x000010   0x10

"P2":                                   0xa
  .near.bss        zero     0x000010    0x7  stm8s_it.o [1]
  .near.bss        zero     0x000017    0x2  system.o [1]
  .near.bss        zero     0x000019    0x1  stm8s_it.o [1]
                          - 0x00001a    0xa

"A1":                                 0x100
  CSTACK                    0x000300  0x100  <Block>
    CSTACK         uninit   0x000300  0x100  <Block tail>
                          - 0x000400  0x100

"A2":                                  0x80
  INTVEC                    0x008000   0x80  <Block>
    .intvec        const    0x008000   0x80  interrupt.o [4]
                          - 0x008080   0x80

"P3-P5":                              0x7a1
  .near_func.text  ro code  0x008080  0x13f  stm8s_spi.o [1]
  .near_func.text  ro code  0x0081bf  0x110  stm8s_gpio.o [1]
  .near_func.text  ro code  0x0082cf   0xd7  stm8s_spi.o [1]
  .near_func.text  ro code  0x0083a6   0x97  vreg_util.o [4]
  .near_func.text  ro code  0x00843d   0x8d  stm8s_it.o [1]
  .near_func.text  ro code  0x0084ca   0x56  stm8s_spi.o [1]
  .near_func.text  ro code  0x008520   0x4b  system.o [1]
  .near_func.text  ro code  0x00856b   0x43  bsp_spi.o [1]
  .near.rodata     const    0x0085ae   0x3f  stm8s_uart1.o [1]
  .near.rodata     const    0x0085ed   0x3e  stm8s_gpio.o [1]
  .near.rodata     const    0x00862b   0x3d  stm8s_spi.o [1]
  .near_func.text  ro code  0x008668   0x3a  stm8s_spi.o [1]
  .near_func.text  ro code  0x0086a2   0x36  stm8s_uart1.o [1]
  .near_func.text  ro code  0x0086d8   0x23  bsp_spi.o [1]
  .iar.init_table  const    0x0086fb    0x8  - Linker created -
  .near_func.text  ro code  0x008703   0x1e  init_small.o [4]
  .near_func.text  ro code  0x008721   0x19  stm8s_it.o [1]
  .near_func.text  ro code  0x00873a   0x16  memset.o [4]
  .near_func.text  ro code  0x008750   0x15  stm8s_spi.o [1]
  .near_func.text  ro code  0x008765   0x14  bsp_led.o [1]
  .near_func.text  ro code  0x008779   0x14  init.o [4]
  .near_func.text  ro code  0x00878d   0x14  __dbg_xxexit.o [3]
  .near_func.text  ro code  0x0087a1   0x13  cstartup.o [4]
  .near_func.text  ro code  0x0087b4    0xe  system.o [1]
  .near_func.text  ro code  0x0087c2    0xc  bsp_led.o [1]
  .near_func.text  ro code  0x0087ce    0xb  system.o [1]
  .near_func.text  ro code  0x0087d9    0x8  main.o [1]
  .near_func.text  ro code  0x0087e1    0x8  short.o [4]
  .near_func.text  ro code  0x0087e9    0x7  stm8s_gpio.o [1]
  .near_func.text  ro code  0x0087f0    0x7  stm8s_gpio.o [1]
  .near_func.text  ro code  0x0087f7    0x5  cexit.o [4]
  .near_func.text  ro code  0x0087fc    0x4  stm8s_gpio.o [1]
  .near_func.text  ro code  0x008800    0x3  interrupt.o [4]
  .near_func.text  ro code  0x008803    0x3  low_level_init.o [4]
  .near_func.text  ro code  0x008806    0x3  exit.o [4]
  .near_func.text  ro code  0x008809    0x3  unhandled_exception.o [4]
  .near_func.text  ro code  0x00880c    0x2  main.o [1]
  .near_func.text  ro code  0x00880e    0x1  stm8s_it.o [1]
  .near_func.text  ro code  0x00880f    0x1  stm8s_it.o [1]
  .near_func.text  ro code  0x008810    0x1  stm8s_it.o [1]
  .near_func.text  ro code  0x008811    0x1  stm8s_it.o [1]
  .near_func.text  ro code  0x008812    0x1  stm8s_it.o [1]
  .near_func.text  ro code  0x008813    0x1  stm8s_it.o [1]
  .near_func.text  ro code  0x008814    0x1  stm8s_it.o [1]
  .near_func.text  ro code  0x008815    0x1  stm8s_it.o [1]
  .near_func.text  ro code  0x008816    0x1  stm8s_it.o [1]
  .near_func.text  ro code  0x008817    0x1  stm8s_it.o [1]
  .near_func.text  ro code  0x008818    0x1  stm8s_it.o [1]
  .near_func.text  ro code  0x008819    0x1  stm8s_it.o [1]
  .near_func.text  ro code  0x00881a    0x1  stm8s_it.o [1]
  .near_func.text  ro code  0x00881b    0x1  stm8s_it.o [1]
  .near_func.text  ro code  0x00881c    0x1  stm8s_it.o [1]
  .near_func.text  ro code  0x00881d    0x1  stm8s_it.o [1]
  .near_func.text  ro code  0x00881e    0x1  stm8s_it.o [1]
  .near_func.text  ro code  0x00881f    0x1  stm8s_it.o [1]
  .near_func.text  ro code  0x008820    0x1  __dbg_break.o [3]
                          - 0x008821  0x7a1


*******************************************************************************
*** INIT TABLE
***

          Address   Size
          -------   ----
Zero (__iar_zero_init2)
    1 destination range, total size 0xa:
          0x000010   0xa



*******************************************************************************
*** MODULE SUMMARY
***

    Module                 ro code  ro data  rw data
    ------                 -------  -------  -------
C:\Users\Administrator\Desktop\spi_slave\pro\Debug\Obj: [1]
    bsp_led.o                   32
    bsp_spi.o                  102
    main.o                      10
    stm8s_gpio.o               290       62
    stm8s_it.o                 184                 8
    stm8s_spi.o                699       61
    stm8s_uart1.o               54       63
    system.o                   100                 2
    ------------------------------------------------
    Total:                   1 471      186       10

command line: [2]
    ------------------------------------------------
    Total:

dbgstm8smd.a: [3]
    __dbg_break.o                1
    __dbg_xxexit.o              20
    ------------------------------------------------
    Total:                      21

dlstm8smn.a: [4]
    cexit.o                      5
    cstartup.o                  19
    exit.o                       3
    init.o                      20
    init_small.o                30
    interrupt.o                  3      128
    low_level_init.o             3
    memset.o                    22
    short.o                      8
    unhandled_exception.o        3
    vreg_util.o                151
    vregs.o                                       16
    ------------------------------------------------
    Total:                     267      128       16

    Linker created                        8      256
----------------------------------------------------
    Grand Total:             1 759      322      282


*******************************************************************************
*** ENTRY LIST
***

Entry                    Address   Size  Type      Object
-----                    -------   ----  ----      ------
.iar.init_table$$Base   0x0086fb          --   Gb  - Linker created -
.iar.init_table$$Limit  0x008703          --   Gb  - Linker created -
?b0                     0x000000         Data  Gb  vregs.o [4]
?b1                     0x000001         Data  Gb  vregs.o [4]
?b10                    0x00000a         Data  Gb  vregs.o [4]
?b11                    0x00000b         Data  Gb  vregs.o [4]
?b12                    0x00000c         Data  Gb  vregs.o [4]
?b13                    0x00000d         Data  Gb  vregs.o [4]
?b14                    0x00000e         Data  Gb  vregs.o [4]
?b15                    0x00000f         Data  Gb  vregs.o [4]
?b2                     0x000002         Data  Gb  vregs.o [4]
?b3                     0x000003         Data  Gb  vregs.o [4]
?b4                     0x000004         Data  Gb  vregs.o [4]
?b5                     0x000005         Data  Gb  vregs.o [4]
?b6                     0x000006         Data  Gb  vregs.o [4]
?b7                     0x000007         Data  Gb  vregs.o [4]
?b8                     0x000008         Data  Gb  vregs.o [4]
?b9                     0x000009         Data  Gb  vregs.o [4]
?e0                     0x000001         Data  Gb  vregs.o [4]
?e1                     0x000005         Data  Gb  vregs.o [4]
?e2                     0x000009         Data  Gb  vregs.o [4]
?e3                     0x00000d         Data  Gb  vregs.o [4]
?epilogue_l2            0x008435         Code  Gb  vreg_util.o [4]
?epilogue_l2_l3         0x008432         Code  Gb  vreg_util.o [4]
?epilogue_w4            0x008439         Code  Gb  vreg_util.o [4]
?l0                     0x000000         Data  Gb  vregs.o [4]
?l1                     0x000004         Data  Gb  vregs.o [4]
?l2                     0x000008         Data  Gb  vregs.o [4]
?l3                     0x00000c         Data  Gb  vregs.o [4]
?pop_l0                 0x0083fe         Code  Gb  vreg_util.o [4]
?pop_l1                 0x008409         Code  Gb  vreg_util.o [4]
?pop_l2                 0x008414         Code  Gb  vreg_util.o [4]
?pop_l3                 0x00841f         Code  Gb  vreg_util.o [4]
?pop_w4                 0x0083be         Code  Gb  vreg_util.o [4]
?push_l0                0x0083cd         Code  Gb  vreg_util.o [4]
?push_l1                0x0083d2         Code  Gb  vreg_util.o [4]
?push_l2                0x0083d7         Code  Gb  vreg_util.o [4]
?push_l3                0x0083dc         Code  Gb  vreg_util.o [4]
?push_w4                0x0083a6         Code  Gb  vreg_util.o [4]
?sll16_x_x_a            0x0087e1         Code  Gb  short.o [4]
?w0                     0x000000         Data  Gb  vregs.o [4]
?w1                     0x000002         Data  Gb  vregs.o [4]
?w2                     0x000004         Data  Gb  vregs.o [4]
?w3                     0x000006         Data  Gb  vregs.o [4]
?w4                     0x000008         Data  Gb  vregs.o [4]
?w5                     0x00000a         Data  Gb  vregs.o [4]
?w6                     0x00000c         Data  Gb  vregs.o [4]
?w7                     0x00000e         Data  Gb  vregs.o [4]
ADC1_IRQHandler         0x00881d    0x1  Code  Gb  stm8s_it.o [1]
AWU_IRQHandler          0x008810    0x1  Code  Gb  stm8s_it.o [1]
CLK_IRQHandler          0x008811    0x1  Code  Gb  stm8s_it.o [1]
CSTACK$$Base            0x000300          --   Gb  - Linker created -
CSTACK$$Limit           0x000400          --   Gb  - Linker created -
CS_Init                 0x0087c2    0xc  Code  Gb  bsp_led.o [1]
EEPROM_EEC_IRQHandler   0x00881f    0x1  Code  Gb  stm8s_it.o [1]
EXTI_PORTA_IRQHandler   0x008812    0x1  Code  Gb  stm8s_it.o [1]
EXTI_PORTB_IRQHandler   0x008813    0x1  Code  Gb  stm8s_it.o [1]
EXTI_PORTC_IRQHandler   0x008814    0x1  Code  Gb  stm8s_it.o [1]
EXTI_PORTD_IRQHandler   0x008815    0x1  Code  Gb  stm8s_it.o [1]
EXTI_PORTE_IRQHandler   0x008816    0x1  Code  Gb  stm8s_it.o [1]
GPIO_Init               0x0081bf  0x110  Code  Gb  stm8s_gpio.o [1]
GPIO_ReadInputPin       0x0087f0    0x7  Code  Gb  stm8s_gpio.o [1]
GPIO_WriteHigh          0x0087e9    0x7  Code  Gb  stm8s_gpio.o [1]
GPIO_WriteLow           0x0087fc    0x4  Code  Gb  stm8s_gpio.o [1]
I2C_IRQHandler          0x00881c    0x1  Code  Gb  stm8s_it.o [1]
INTVEC$$Base            0x008000          --   Gb  - Linker created -
INTVEC$$Limit           0x008080          --   Gb  - Linker created -
Led_Init                0x008765   0x14  Code  Gb  bsp_led.o [1]
MyData                  0x000017    0x2  Data  Gb  system.o [1]
Region$$Table$$Base     0x0086fb          --   Gb  - Linker created -
Region$$Table$$Limit    0x008703          --   Gb  - Linker created -
RevComplete             0x0087b4    0xe  Code  Gb  system.o [1]
RxBuf                   0x000010    0x7  Data  Gb  stm8s_it.o [1]
SPI_ClearITPendingBit   0x008668   0x3a  Code  Gb  stm8s_spi.o [1]
SPI_Cmd                 0x0082cf   0x2f  Code  Gb  stm8s_spi.o [1]
SPI_DeInit              0x008750   0x15  Code  Gb  stm8s_spi.o [1]
SPI_GetFlagStatus       0x0084ca   0x56  Code  Gb  stm8s_spi.o [1]
SPI_IRQHandler          0x00843d   0x8d  Code  Gb  stm8s_it.o [1]
SPI_ITConfig            0x0082fe   0x71  Code  Gb  stm8s_spi.o [1]
SPI_Init                0x008080  0x13f  Code  Gb  stm8s_spi.o [1]
SPI_NSSInternalSoftwareCmd
                        0x008377   0x2f  Code  Gb  stm8s_spi.o [1]
SPI_ReceiveData         0x008373    0x4  Code  Gb  stm8s_spi.o [1]
SPI_SLAVE_SendByte      0x0086d8   0x23  Code  Gb  bsp_spi.o [1]
SPI_SendData            0x00836f    0x4  Code  Gb  stm8s_spi.o [1]
Spi_Handle              0x008520   0x48  Code  Gb  system.o [1]
Spi_Init                0x00856b   0x43  Code  Gb  bsp_spi.o [1]
System_Handle           0x008568    0x3  Code  Gb  system.o [1]
System_Init             0x0087ce    0xb  Code  Gb  system.o [1]
TIM1_CAP_COM_IRQHandler
                        0x008818    0x1  Code  Gb  stm8s_it.o [1]
TIM1_UPD_OVF_TRG_BRK_IRQHandler
                        0x008817    0x1  Code  Gb  stm8s_it.o [1]
TIM2_CAP_COM_IRQHandler
                        0x00881a    0x1  Code  Gb  stm8s_it.o [1]
TIM2_UPD_OVF_BRK_IRQHandler
                        0x008819    0x1  Code  Gb  stm8s_it.o [1]
TIM4_UPD_OVF_IRQHandler
                        0x00881e    0x1  Code  Gb  stm8s_it.o [1]
TLI_IRQHandler          0x00880f    0x1  Code  Gb  stm8s_it.o [1]
TRAP_IRQHandler         0x00880e    0x1  Code  Gb  stm8s_it.o [1]
UART1_ClearITPendingBit
                        0x0086a2   0x36  Code  Gb  stm8s_uart1.o [1]
UART1_RX_IRQHandler     0x008721   0x19  Code  Gb  stm8s_it.o [1]
UART1_TX_IRQHandler     0x00881b    0x1  Code  Gb  stm8s_it.o [1]
__DebugBreak            0x008820    0x1  Code  Gb  __dbg_break.o [3]
__exit                  0x00878d   0x14  Code  Gb  __dbg_xxexit.o [3]
__iar_data_init2        0x008779   0x14  Code  Gb  init.o [4]
__iar_program_start     0x0087a1         Code  Gb  cstartup.o [4]
__iar_unhandled_exception
                        0x008809         Code  Gb  unhandled_exception.o [4]
__iar_zero_init2        0x008703         Code  Gb  init_small.o [4]
__intvec                0x008000         Data  Gb  interrupt.o [4]
__low_level_init        0x008803    0x3  Code  Gb  low_level_init.o [4]
_exit                   0x0087f7         Code  Gb  cexit.o [4]
_interrupt_1            0x00880e         Code  Gb  stm8s_it.o [1]
_interrupt_12           0x00843d         Code  Gb  stm8s_it.o [1]
_interrupt_13           0x008817         Code  Gb  stm8s_it.o [1]
_interrupt_14           0x008818         Code  Gb  stm8s_it.o [1]
_interrupt_15           0x008819         Code  Gb  stm8s_it.o [1]
_interrupt_16           0x00881a         Code  Gb  stm8s_it.o [1]
_interrupt_19           0x00881b         Code  Gb  stm8s_it.o [1]
_interrupt_2            0x00880f         Code  Gb  stm8s_it.o [1]
_interrupt_20           0x008721         Code  Gb  stm8s_it.o [1]
_interrupt_21           0x00881c         Code  Gb  stm8s_it.o [1]
_interrupt_24           0x00881d         Code  Gb  stm8s_it.o [1]
_interrupt_25           0x00881e         Code  Gb  stm8s_it.o [1]
_interrupt_26           0x00881f         Code  Gb  stm8s_it.o [1]
_interrupt_3            0x008810         Code  Gb  stm8s_it.o [1]
_interrupt_4            0x008811         Code  Gb  stm8s_it.o [1]
_interrupt_5            0x008812         Code  Gb  stm8s_it.o [1]
_interrupt_6            0x008813         Code  Gb  stm8s_it.o [1]
_interrupt_7            0x008814         Code  Gb  stm8s_it.o [1]
_interrupt_8            0x008815         Code  Gb  stm8s_it.o [1]
_interrupt_9            0x008816         Code  Gb  stm8s_it.o [1]
assert_failed           0x00880c    0x2  Code  Gb  main.o [1]
exit                    0x008806    0x3  Code  Gb  exit.o [4]
main                    0x0087d9    0x8  Code  Gb  main.o [1]
memset                  0x00873a   0x16  Code  Gb  memset.o [4]
spi_cnt                 0x000019    0x1  Data  Gb  stm8s_it.o [1]


[1] = C:\Users\Administrator\Desktop\spi_slave\pro\Debug\Obj
[2] = command line
[3] = dbgstm8smd.a
[4] = dlstm8smn.a

  1 759 bytes of readonly  code memory
    322 bytes of readonly  data memory
    282 bytes of readwrite data memory

Errors: none
Warnings: none
