###############################################################################
#
# IAR ELF Linker V3.10.1.201 for STM8                     13/Jul/2019  18:21:50
# Copyright 2010-2017 IAR Systems AB.
#
#    Output file  =  C:\Users\Administrator\Desktop\spi\pro\Debug\Exe\spi.out
#    Map file     =  C:\Users\Administrator\Desktop\spi\pro\Debug\List\spi.map
#    Command line =  
#        -f C:\Users\ADMINI~1\AppData\Local\Temp\EW44A0.tmp
#        (C:\Users\Administrator\Desktop\spi\pro\Debug\Obj\bsp_led.o
#        C:\Users\Administrator\Desktop\spi\pro\Debug\Obj\bsp_timer.o
#        C:\Users\Administrator\Desktop\spi\pro\Debug\Obj\hal_spi.o
#        C:\Users\Administrator\Desktop\spi\pro\Debug\Obj\main.o
#        C:\Users\Administrator\Desktop\spi\pro\Debug\Obj\stm8s_clk.o
#        C:\Users\Administrator\Desktop\spi\pro\Debug\Obj\stm8s_gpio.o
#        C:\Users\Administrator\Desktop\spi\pro\Debug\Obj\stm8s_it.o
#        C:\Users\Administrator\Desktop\spi\pro\Debug\Obj\stm8s_tim4.o
#        C:\Users\Administrator\Desktop\spi\pro\Debug\Obj\stm8s_uart1.o
#        C:\Users\Administrator\Desktop\spi\pro\Debug\Obj\system.o
#        C:\Users\Administrator\Desktop\spi\pro\Debug\Obj\TimeOut.o --redirect
#        _Printf=_PrintfSmall --redirect _Scanf=_ScanfSmall -o
#        C:\Users\Administrator\Desktop\spi\pro\Debug\Exe\spi.out --map
#        C:\Users\Administrator\Desktop\spi\pro\Debug\List\spi.map --config
#        "C:\Program Files (x86)\IAR Systems\Embedded Workbench
#        8.0\stm8\config\lnkstm8s103f3.icf" --config_def _CSTACK_SIZE=0x100
#        --config_def _HEAP_SIZE=0x100 --entry __iar_program_start --debug_lib)
#
###############################################################################

*******************************************************************************
*** RUNTIME MODEL ATTRIBUTES
***

__SystemLibrary            = DLib
__code_model               = small
__core                     = stm8
__data_model               = medium
__dlib_file_descriptor     = 0
__dlib_full_locale_support = 0
__rt_version               = 4


*******************************************************************************
*** PLACEMENT SUMMARY
***

"A0":  place at start of [0x000000-0x0000ff] { rw section .vregs };
"A1":  place at end of [0x000000-0x0003ff] { block CSTACK };
"P2":  place in [from 0x000000 to 0x0003ff] {
          block HEAP, rw section __DLIB_PERTHREAD, rw section .far.bss,
          rw section .far.data, rw section .far.noinit,
          rw section .far_func.textrw, rw section .huge.bss,
          rw section .huge.data, rw section .huge.noinit,
          rw section .huge_func.textrw, rw section .iar.dynexit,
          rw section .near.bss, rw section .near.data, rw section .near.noinit,
          rw section .near_func.textrw };
"A2":  place at start of [0x008000-0x009fff] { block INTVEC };
"P3":  place in [from 0x008000 to 0x009fff] {
          ro section __DLIB_PERTHREAD_init, ro section .far.data_init,
          ro section .far_func.textrw_init, ro section .huge.data_init,
          ro section .huge_func.textrw_init, ro section .iar.init_table,
          ro section .init_array, ro section .near.data_init,
          ro section .near.rodata, ro section .near_func.text,
          ro section .near_func.textrw_init, ro section .tiny.data_init,
          ro section .tiny.rodata_init };
"P4":  place in [from 0x008000 to 0x009fff] {
          ro section .far.rodata, ro section .far_func.text };
"P5":  place in [from 0x008000 to 0x009fff] {
          ro section .huge.rodata, ro section .huge_func.text };
do not initialize {
   rw section .eeprom.noinit, rw section .far.noinit, rw section .huge.noinit,
   rw section .near.noinit, rw section .tiny.noinit, rw section .vregs };
initialize by copy {
   rw section .far.bss, rw section .far.data, rw section .far_func.textrw,
   rw section .huge.bss, rw section .huge.data, rw section .huge_func.textrw,
   rw section .iar.dynexit, rw section .near.bss, rw section .near.data,
   rw section .near_func.textrw, rw section .tiny.bss, rw section .tiny.data,
   ro section .tiny.rodata };

  Section            Kind      Address   Size  Object
  -------            ----      -------   ----  ------
"A0":                                     0xc
  .vregs             uninit   0x000000    0xc  vregs.o [4]
                            - 0x00000c    0xc

"P2":                                    0x1c
  P2-1                        0x00000c   0x1c  <Init block>
    .near.data       inited   0x00000c    0x4  system.o [1]
    .near.bss        inited   0x000010    0x1  hal_spi.o [1]
    .near.bss        inited   0x000011    0x1  hal_spi.o [1]
    .near.bss        inited   0x000012    0x7  hal_spi.o [1]
    .near.bss        inited   0x000019    0x2  hal_spi.o [1]
    .near.bss        inited   0x00001b    0x2  hal_spi.o [1]
    .near.bss        inited   0x00001d    0x1  hal_spi.o [1]
    .near.bss        inited   0x00001e    0x8  system.o [1]
    .near.bss        inited   0x000026    0x2  TimeOut.o [1]
                            - 0x000028   0x1c

"A1":                                   0x100
  CSTACK                      0x000300  0x100  <Block>
    CSTACK           uninit   0x000300  0x100  <Block tail>
                            - 0x000400  0x100

"A2":                                    0x80
  INTVEC                      0x008000   0x80  <Block>
    .intvec          const    0x008000   0x80  interrupt.o [4]
                            - 0x008080   0x80

"P3-P5":                                0x6c5
  .near_func.text    ro code  0x008080  0x110  stm8s_gpio.o [1]
  .near_func.text    ro code  0x008190   0x84  vreg_util.o [4]
  .near_func.text    ro code  0x008214   0x77  hal_spi.o [1]
  .near_func.text    ro code  0x00828b   0x61  hal_spi.o [1]
  .near_func.text    ro code  0x0082ec   0x56  hal_spi.o [1]
  .near_func.text    ro code  0x008342   0x51  stm8s_tim4.o [1]
  .near_func.text    ro code  0x008393   0x50  stm8s_tim4.o [1]
  .near_func.text    ro code  0x0083e3   0x3a  hal_spi.o [1]
  .near.rodata       const    0x00841d   0x39  stm8s_uart1.o [1]
  .near.rodata       const    0x008456   0x38  stm8s_gpio.o [1]
  .near.rodata       const    0x00848e   0x38  stm8s_tim4.o [1]
  .near_func.text    ro code  0x0084c6   0x36  stm8s_uart1.o [1]
  .near_func.text    ro code  0x0084fc   0x2f  stm8s_tim4.o [1]
  .near_func.text    ro code  0x00852b   0x28  init_small.o [4]
  .near_func.text    ro code  0x008553   0x24  stm8s_tim4.o [1]
  .near_func.text    ro code  0x008577   0x23  hal_spi.o [1]
  .near_func.text    ro code  0x00859a   0x21  TimeOut.o [1]
  .iar.init_table    const    0x0085bb    0xa  - Linker created -
  .near_func.text    ro code  0x0085c5   0x1c  bsp_timer.o [1]
  Initializer bytes  const    0x0085e1   0x1c  <for P2-1>
  .near_func.text    ro code  0x0085fd   0x1b  stm8s_it.o [1]
  .near_func.text    ro code  0x008618   0x19  stm8s_it.o [1]
  .near_func.text    ro code  0x008631   0x19  stm8s_tim4.o [1]
  .near_func.text    ro code  0x00864a   0x16  system.o [1]
  .near_func.text    ro code  0x008660   0x16  memset.o [4]
  .near_func.text    ro code  0x008676   0x14  bsp_led.o [1]
  .near_func.text    ro code  0x00868a   0x14  init.o [4]
  .near_func.text    ro code  0x00869e   0x14  __dbg_xxexit.o [3]
  .near_func.text    ro code  0x0086b2   0x13  cstartup.o [4]
  .near_func.text    ro code  0x0086c5   0x12  TimeOut.o [1]
  .near_func.text    ro code  0x0086d7    0xf  system.o [1]
  .near_func.text    ro code  0x0086e6    0xe  hal_spi.o [1]
  .near_func.text    ro code  0x0086f4    0x8  main.o [1]
  .near_func.text    ro code  0x0086fc    0x8  TimeOut.o [1]
  .near_func.text    ro code  0x008704    0x7  stm8s_gpio.o [1]
  .near_func.text    ro code  0x00870b    0x7  stm8s_gpio.o [1]
  .near_func.text    ro code  0x008712    0x5  TimeOut.o [1]
  .near_func.text    ro code  0x008717    0x5  cexit.o [4]
  .near_func.text    ro code  0x00871c    0x4  stm8s_gpio.o [1]
  .near_func.text    ro code  0x008720    0x4  TimeOut.o [1]
  .near_func.text    ro code  0x008724    0x3  interrupt.o [4]
  .near_func.text    ro code  0x008727    0x3  low_level_init.o [4]
  .near_func.text    ro code  0x00872a    0x3  exit.o [4]
  .near_func.text    ro code  0x00872d    0x3  unhandled_exception.o [4]
  .near_func.text    ro code  0x008730    0x2  main.o [1]
  .near_func.text    ro code  0x008732    0x1  stm8s_it.o [1]
  .near_func.text    ro code  0x008733    0x1  stm8s_it.o [1]
  .near_func.text    ro code  0x008734    0x1  stm8s_it.o [1]
  .near_func.text    ro code  0x008735    0x1  stm8s_it.o [1]
  .near_func.text    ro code  0x008736    0x1  stm8s_it.o [1]
  .near_func.text    ro code  0x008737    0x1  stm8s_it.o [1]
  .near_func.text    ro code  0x008738    0x1  stm8s_it.o [1]
  .near_func.text    ro code  0x008739    0x1  stm8s_it.o [1]
  .near_func.text    ro code  0x00873a    0x1  stm8s_it.o [1]
  .near_func.text    ro code  0x00873b    0x1  stm8s_it.o [1]
  .near_func.text    ro code  0x00873c    0x1  stm8s_it.o [1]
  .near_func.text    ro code  0x00873d    0x1  stm8s_it.o [1]
  .near_func.text    ro code  0x00873e    0x1  stm8s_it.o [1]
  .near_func.text    ro code  0x00873f    0x1  stm8s_it.o [1]
  .near_func.text    ro code  0x008740    0x1  stm8s_it.o [1]
  .near_func.text    ro code  0x008741    0x1  stm8s_it.o [1]
  .near_func.text    ro code  0x008742    0x1  stm8s_it.o [1]
  .near_func.text    ro code  0x008743    0x1  stm8s_it.o [1]
  .near_func.text    ro code  0x008744    0x1  __dbg_break.o [3]
                            - 0x008745  0x6c5


*******************************************************************************
*** INIT TABLE
***

          Address   Size
          -------   ----
Copy (__iar_copy_init2)
    1 source range, total size 0x1c:
          0x0085e1  0x1c
    1 destination range, total size 0x1c:
          0x00000c  0x1c



*******************************************************************************
*** MODULE SUMMARY
***

    Module                 ro code  ro data  rw data
    ------                 -------  -------  -------
C:\Users\Administrator\Desktop\spi\pro\Debug\Obj: [1]
    TimeOut.o                   68        2        2
    bsp_led.o                   20
    bsp_timer.o                 28
    hal_spi.o                  409       14       14
    main.o                      10
    stm8s_gpio.o               290       56
    stm8s_it.o                  70
    stm8s_tim4.o               269       56
    stm8s_uart1.o               54       57
    system.o                    37       12       12
    ------------------------------------------------
    Total:                   1 255      197       28

command line: [2]
    ------------------------------------------------
    Total:

dbgstm8smd.a: [3]
    __dbg_break.o                1
    __dbg_xxexit.o              20
    ------------------------------------------------
    Total:                      21

dlstm8smn.a: [4]
    cexit.o                      5
    cstartup.o                  19
    exit.o                       3
    init.o                      20
    init_small.o                40
    interrupt.o                  3      128
    low_level_init.o             3
    memset.o                    22
    unhandled_exception.o        3
    vreg_util.o                132
    vregs.o                                       12
    ------------------------------------------------
    Total:                     250      128       12

    Linker created                       10      256
----------------------------------------------------
    Grand Total:             1 526      335      296


*******************************************************************************
*** ENTRY LIST
***

Entry                    Address   Size  Type      Object
-----                    -------   ----  ----      ------
.iar.init_table$$Base   0x0085bb          --   Gb  - Linker created -
.iar.init_table$$Limit  0x0085c5          --   Gb  - Linker created -
?b0                     0x000000         Data  Gb  vregs.o [4]
?b1                     0x000001         Data  Gb  vregs.o [4]
?b10                    0x00000a         Data  Gb  vregs.o [4]
?b11                    0x00000b         Data  Gb  vregs.o [4]
?b2                     0x000002         Data  Gb  vregs.o [4]
?b3                     0x000003         Data  Gb  vregs.o [4]
?b4                     0x000004         Data  Gb  vregs.o [4]
?b5                     0x000005         Data  Gb  vregs.o [4]
?b6                     0x000006         Data  Gb  vregs.o [4]
?b7                     0x000007         Data  Gb  vregs.o [4]
?b8                     0x000008         Data  Gb  vregs.o [4]
?b9                     0x000009         Data  Gb  vregs.o [4]
?e0                     0x000001         Data  Gb  vregs.o [4]
?e1                     0x000005         Data  Gb  vregs.o [4]
?e2                     0x000009         Data  Gb  vregs.o [4]
?epilogue_l2            0x00820c         Code  Gb  vreg_util.o [4]
?epilogue_w4            0x008210         Code  Gb  vreg_util.o [4]
?l0                     0x000000         Data  Gb  vregs.o [4]
?l1                     0x000004         Data  Gb  vregs.o [4]
?l2                     0x000008         Data  Gb  vregs.o [4]
?pop_l0                 0x0081e3         Code  Gb  vreg_util.o [4]
?pop_l1                 0x0081ee         Code  Gb  vreg_util.o [4]
?pop_l2                 0x0081f9         Code  Gb  vreg_util.o [4]
?pop_w4                 0x0081a8         Code  Gb  vreg_util.o [4]
?push_l0                0x0081b7         Code  Gb  vreg_util.o [4]
?push_l1                0x0081bc         Code  Gb  vreg_util.o [4]
?push_l2                0x0081c1         Code  Gb  vreg_util.o [4]
?push_w4                0x008190         Code  Gb  vreg_util.o [4]
?w0                     0x000000         Data  Gb  vregs.o [4]
?w1                     0x000002         Data  Gb  vregs.o [4]
?w2                     0x000004         Data  Gb  vregs.o [4]
?w3                     0x000006         Data  Gb  vregs.o [4]
?w4                     0x000008         Data  Gb  vregs.o [4]
?w5                     0x00000a         Data  Gb  vregs.o [4]
ADC1_IRQHandler         0x008742    0x1  Code  Gb  stm8s_it.o [1]
AWU_IRQHandler          0x008734    0x1  Code  Gb  stm8s_it.o [1]
CLK_IRQHandler          0x008735    0x1  Code  Gb  stm8s_it.o [1]
CSTACK$$Base            0x000300          --   Gb  - Linker created -
CSTACK$$Limit           0x000400          --   Gb  - Linker created -
Delay_Time_us           0x008577   0x23  Code  Lc  hal_spi.o [1]
Delay_Time_us::Counts   0x00001b    0x2  Data  Lc  hal_spi.o [1]
EEPROM_EEC_IRQHandler   0x008743    0x1  Code  Gb  stm8s_it.o [1]
EXTI_PORTA_IRQHandler   0x008736    0x1  Code  Gb  stm8s_it.o [1]
EXTI_PORTB_IRQHandler   0x008737    0x1  Code  Gb  stm8s_it.o [1]
EXTI_PORTC_IRQHandler   0x008738    0x1  Code  Gb  stm8s_it.o [1]
EXTI_PORTD_IRQHandler   0x008739    0x1  Code  Gb  stm8s_it.o [1]
EXTI_PORTE_IRQHandler   0x00873a    0x1  Code  Gb  stm8s_it.o [1]
GPIO_Init               0x008080  0x110  Code  Gb  stm8s_gpio.o [1]
GPIO_ReadInputPin       0x00870b    0x7  Code  Gb  stm8s_gpio.o [1]
GPIO_WriteHigh          0x008704    0x7  Code  Gb  stm8s_gpio.o [1]
GPIO_WriteLow           0x00871c    0x4  Code  Gb  stm8s_gpio.o [1]
I2C_IRQHandler          0x008741    0x1  Code  Gb  stm8s_it.o [1]
INTVEC$$Base            0x008000          --   Gb  - Linker created -
INTVEC$$Limit           0x008080          --   Gb  - Linker created -
InsBaseNum              0x000026    0x2  Data  Gb  TimeOut.o [1]
Led_Init                0x008676   0x14  Code  Gb  bsp_led.o [1]
Region$$Table$$Base     0x0085bb          --   Gb  - Linker created -
Region$$Table$$Limit    0x0085c5          --   Gb  - Linker created -
RevComplete             0x0086e6    0xe  Code  Lc  hal_spi.o [1]
RevData                 0x000011    0x1  Data  Gb  hal_spi.o [1]
RevDataHandle           0x0082ec   0x56  Code  Gb  hal_spi.o [1]
RevNum                  0x000010    0x1  Data  Gb  hal_spi.o [1]
RevProcessHandle        0x008214   0x77  Code  Lc  hal_spi.o [1]
RevProcessHandle::CntsTemp
                        0x00001d    0x1  Data  Lc  hal_spi.o [1]
RevString               0x000012    0x7  Data  Gb  hal_spi.o [1]
RevTempData             0x000019    0x2  Data  Gb  hal_spi.o [1]
SPI_IRQHandler          0x00873b    0x1  Code  Gb  stm8s_it.o [1]
Simulate_Spi_Read_Byte  0x00828b   0x61  Code  Gb  hal_spi.o [1]
Spi_Init                0x0083e3   0x3a  Code  Gb  hal_spi.o [1]
System_Handle           0x00864a   0x16  Code  Gb  system.o [1]
System_Init             0x0086d7    0xf  Code  Gb  system.o [1]
TIM1_CAP_COM_IRQHandler
                        0x00873d    0x1  Code  Gb  stm8s_it.o [1]
TIM1_UPD_OVF_TRG_BRK_IRQHandler
                        0x00873c    0x1  Code  Gb  stm8s_it.o [1]
TIM2_CAP_COM_IRQHandler
                        0x00873f    0x1  Code  Gb  stm8s_it.o [1]
TIM2_UPD_OVF_BRK_IRQHandler
                        0x00873e    0x1  Code  Gb  stm8s_it.o [1]
TIM4_ClearITPendingBit  0x008553   0x24  Code  Gb  stm8s_tim4.o [1]
TIM4_Cmd                0x0084fc   0x2f  Code  Gb  stm8s_tim4.o [1]
TIM4_DeInit             0x008631   0x19  Code  Gb  stm8s_tim4.o [1]
TIM4_ITConfig           0x008393   0x50  Code  Gb  stm8s_tim4.o [1]
TIM4_TimeBaseInit       0x008342   0x51  Code  Gb  stm8s_tim4.o [1]
TIM4_UPD_OVF_IRQHandler
                        0x0085fd   0x1b  Code  Gb  stm8s_it.o [1]
TLI_IRQHandler          0x008733    0x1  Code  Gb  stm8s_it.o [1]
TRAP_IRQHandler         0x008732    0x1  Code  Gb  stm8s_it.o [1]
TimeOutDet_Check        0x00859a   0x21  Code  Gb  TimeOut.o [1]
TimeOutDet_DecHandle    0x0086fc    0x8  Code  Gb  TimeOut.o [1]
TimeOutDet_Init         0x008712    0x5  Code  Gb  TimeOut.o [1]
TimeOut_BaseValue       0x008720    0x4  Code  Gb  TimeOut.o [1]
TimeOut_Para            0x00001e    0x8  Data  Gb  system.o [1]
TimeOut_Record          0x0086c5   0x12  Code  Gb  TimeOut.o [1]
Timer_Init              0x0085c5   0x1c  Code  Gb  bsp_timer.o [1]
UART1_ClearITPendingBit
                        0x0084c6   0x36  Code  Gb  stm8s_uart1.o [1]
UART1_RX_IRQHandler     0x008618   0x19  Code  Gb  stm8s_it.o [1]
UART1_TX_IRQHandler     0x008740    0x1  Code  Gb  stm8s_it.o [1]
__DebugBreak            0x008744    0x1  Code  Gb  __dbg_break.o [3]
__exit                  0x00869e   0x14  Code  Gb  __dbg_xxexit.o [3]
__iar_copy_init2        0x00852b         Code  Gb  init_small.o [4]
__iar_data_init2        0x00868a   0x14  Code  Gb  init.o [4]
__iar_program_start     0x0086b2         Code  Gb  cstartup.o [4]
__iar_unhandled_exception
                        0x00872d         Code  Gb  unhandled_exception.o [4]
__intvec                0x008000         Data  Gb  interrupt.o [4]
__low_level_init        0x008727    0x3  Code  Gb  low_level_init.o [4]
_exit                   0x008717         Code  Gb  cexit.o [4]
_interrupt_1            0x008732         Code  Gb  stm8s_it.o [1]
_interrupt_12           0x00873b         Code  Gb  stm8s_it.o [1]
_interrupt_13           0x00873c         Code  Gb  stm8s_it.o [1]
_interrupt_14           0x00873d         Code  Gb  stm8s_it.o [1]
_interrupt_15           0x00873e         Code  Gb  stm8s_it.o [1]
_interrupt_16           0x00873f         Code  Gb  stm8s_it.o [1]
_interrupt_19           0x008740         Code  Gb  stm8s_it.o [1]
_interrupt_2            0x008733         Code  Gb  stm8s_it.o [1]
_interrupt_20           0x008618         Code  Gb  stm8s_it.o [1]
_interrupt_21           0x008741         Code  Gb  stm8s_it.o [1]
_interrupt_24           0x008742         Code  Gb  stm8s_it.o [1]
_interrupt_25           0x0085fd         Code  Gb  stm8s_it.o [1]
_interrupt_26           0x008743         Code  Gb  stm8s_it.o [1]
_interrupt_3            0x008734         Code  Gb  stm8s_it.o [1]
_interrupt_4            0x008735         Code  Gb  stm8s_it.o [1]
_interrupt_5            0x008736         Code  Gb  stm8s_it.o [1]
_interrupt_6            0x008737         Code  Gb  stm8s_it.o [1]
_interrupt_7            0x008738         Code  Gb  stm8s_it.o [1]
_interrupt_8            0x008739         Code  Gb  stm8s_it.o [1]
_interrupt_9            0x00873a         Code  Gb  stm8s_it.o [1]
assert_failed           0x008730    0x2  Code  Gb  main.o [1]
exit                    0x00872a    0x3  Code  Gb  exit.o [4]
main                    0x0086f4    0x8  Code  Gb  main.o [1]
memset                  0x008660   0x16  Code  Gb  memset.o [4]
spi_0                   0x00000c    0x4  Data  Gb  system.o [1]


[1] = C:\Users\Administrator\Desktop\spi\pro\Debug\Obj
[2] = command line
[3] = dbgstm8smd.a
[4] = dlstm8smn.a

  1 526 bytes of readonly  code memory
    335 bytes of readonly  data memory
    296 bytes of readwrite data memory

Errors: none
Warnings: none
