###############################################################################
#
# IAR ELF Linker V3.10.1.201 for STM8                     13/Jul/2019  20:37:41
# Copyright 2010-2017 IAR Systems AB.
#
#    Output file  =  
#        C:\Users\Administrator\Desktop\spi_string\spi模拟\pro\Debug\Exe\spi.out
#    Map file     =  
#        C:\Users\Administrator\Desktop\spi_string\spi模拟\pro\Debug\List\spi.map
#    Command line =  
#        -f C:\Users\ADMINI~1\AppData\Local\Temp\EW8B8B.tmp
#        (C:\Users\Administrator\Desktop\spi_string\spi模拟\pro\Debug\Obj\bsp_led.o
#        C:\Users\Administrator\Desktop\spi_string\spi模拟\pro\Debug\Obj\bsp_timer.o
#        C:\Users\Administrator\Desktop\spi_string\spi模拟\pro\Debug\Obj\hal_spi.o
#        C:\Users\Administrator\Desktop\spi_string\spi模拟\pro\Debug\Obj\main.o
#        C:\Users\Administrator\Desktop\spi_string\spi模拟\pro\Debug\Obj\stm8s_clk.o
#        C:\Users\Administrator\Desktop\spi_string\spi模拟\pro\Debug\Obj\stm8s_gpio.o
#        C:\Users\Administrator\Desktop\spi_string\spi模拟\pro\Debug\Obj\stm8s_it.o
#        C:\Users\Administrator\Desktop\spi_string\spi模拟\pro\Debug\Obj\stm8s_tim4.o
#        C:\Users\Administrator\Desktop\spi_string\spi模拟\pro\Debug\Obj\stm8s_uart1.o
#        C:\Users\Administrator\Desktop\spi_string\spi模拟\pro\Debug\Obj\system.o
#        C:\Users\Administrator\Desktop\spi_string\spi模拟\pro\Debug\Obj\TimeOut.o
#        --redirect _Printf=_PrintfSmall --redirect _Scanf=_ScanfSmall -o
#        C:\Users\Administrator\Desktop\spi_string\spi模拟\pro\Debug\Exe\spi.out
#        --map
#        C:\Users\Administrator\Desktop\spi_string\spi模拟\pro\Debug\List\spi.map
#        --config "C:\Program Files (x86)\IAR Systems\Embedded Workbench
#        8.0\stm8\config\lnkstm8s103f3.icf" --config_def _CSTACK_SIZE=0x100
#        --config_def _HEAP_SIZE=0x100 --entry __iar_program_start --debug_lib)
#
###############################################################################

*******************************************************************************
*** RUNTIME MODEL ATTRIBUTES
***

__SystemLibrary            = DLib
__code_model               = small
__core                     = stm8
__data_model               = medium
__dlib_file_descriptor     = 0
__dlib_full_locale_support = 0
__rt_version               = 4


*******************************************************************************
*** PLACEMENT SUMMARY
***

"A0":  place at start of [0x000000-0x0000ff] { rw section .vregs };
"A1":  place at end of [0x000000-0x0003ff] { block CSTACK };
"P2":  place in [from 0x000000 to 0x0003ff] {
          block HEAP, rw section __DLIB_PERTHREAD, rw section .far.bss,
          rw section .far.data, rw section .far.noinit,
          rw section .far_func.textrw, rw section .huge.bss,
          rw section .huge.data, rw section .huge.noinit,
          rw section .huge_func.textrw, rw section .iar.dynexit,
          rw section .near.bss, rw section .near.data, rw section .near.noinit,
          rw section .near_func.textrw };
"A2":  place at start of [0x008000-0x009fff] { block INTVEC };
"P3":  place in [from 0x008000 to 0x009fff] {
          ro section __DLIB_PERTHREAD_init, ro section .far.data_init,
          ro section .far_func.textrw_init, ro section .huge.data_init,
          ro section .huge_func.textrw_init, ro section .iar.init_table,
          ro section .init_array, ro section .near.data_init,
          ro section .near.rodata, ro section .near_func.text,
          ro section .near_func.textrw_init, ro section .tiny.data_init,
          ro section .tiny.rodata_init };
"P4":  place in [from 0x008000 to 0x009fff] {
          ro section .far.rodata, ro section .far_func.text };
"P5":  place in [from 0x008000 to 0x009fff] {
          ro section .huge.rodata, ro section .huge_func.text };
do not initialize {
   rw section .eeprom.noinit, rw section .far.noinit, rw section .huge.noinit,
   rw section .near.noinit, rw section .tiny.noinit, rw section .vregs };
initialize by copy {
   rw section .far.bss, rw section .far.data, rw section .far_func.textrw,
   rw section .huge.bss, rw section .huge.data, rw section .huge_func.textrw,
   rw section .iar.dynexit, rw section .near.bss, rw section .near.data,
   rw section .near_func.textrw, rw section .tiny.bss, rw section .tiny.data,
   ro section .tiny.rodata };

  Section            Kind      Address   Size  Object
  -------            ----      -------   ----  ------
"A0":                                     0xc
  .vregs             uninit   0x000000    0xc  vregs.o [4]
                            - 0x00000c    0xc

"P2":                                    0x16
  P2-1                        0x00000c   0x16  <Init block>
    .near.data       inited   0x00000c    0x7  system.o [1]
    .near.data       inited   0x000013    0x4  system.o [1]
    .near.bss        inited   0x000017    0x8  system.o [1]
    .near.bss        inited   0x00001f    0x1  system.o [1]
    .near.bss        inited   0x000020    0x2  TimeOut.o [1]
                            - 0x000022   0x16

"A1":                                   0x100
  CSTACK                      0x000300  0x100  <Block>
    CSTACK           uninit   0x000300  0x100  <Block tail>
                            - 0x000400  0x100

"A2":                                    0x80
  INTVEC                      0x008000   0x80  <Block>
    .intvec          const    0x008000   0x80  interrupt.o [4]
                            - 0x008080   0x80

"P3-P5":                                0x640
  .near_func.text    ro code  0x008080  0x110  stm8s_gpio.o [1]
  .near_func.text    ro code  0x008190   0x84  vreg_util.o [4]
  .near_func.text    ro code  0x008214   0x5f  hal_spi.o [1]
  .near_func.text    ro code  0x008273   0x51  stm8s_tim4.o [1]
  .near_func.text    ro code  0x0082c4   0x50  stm8s_tim4.o [1]
  .near.rodata       const    0x008314   0x48  stm8s_uart1.o [1]
  .near.rodata       const    0x00835c   0x47  stm8s_gpio.o [1]
  .near.rodata       const    0x0083a3   0x47  stm8s_tim4.o [1]
  .near_func.text    ro code  0x0083ea   0x41  system.o [1]
  .near_func.text    ro code  0x00842b   0x40  hal_spi.o [1]
  .near_func.text    ro code  0x00846b   0x39  hal_spi.o [1]
  .near_func.text    ro code  0x0084a4   0x36  stm8s_uart1.o [1]
  .near_func.text    ro code  0x0084da   0x2f  stm8s_tim4.o [1]
  .near_func.text    ro code  0x008509   0x28  init_small.o [4]
  .near_func.text    ro code  0x008531   0x24  stm8s_tim4.o [1]
  .near_func.text    ro code  0x008555   0x21  TimeOut.o [1]
  .iar.init_table    const    0x008576    0xa  - Linker created -
  .near_func.text    ro code  0x008580   0x1c  bsp_timer.o [1]
  .near_func.text    ro code  0x00859c   0x1b  stm8s_it.o [1]
  .near_func.text    ro code  0x0085b7   0x19  stm8s_it.o [1]
  .near_func.text    ro code  0x0085d0   0x19  stm8s_tim4.o [1]
  Initializer bytes  const    0x0085e9   0x16  <for P2-1>
  .near_func.text    ro code  0x0085ff   0x14  bsp_led.o [1]
  .near_func.text    ro code  0x008613   0x14  init.o [4]
  .near_func.text    ro code  0x008627   0x14  __dbg_xxexit.o [3]
  .near_func.text    ro code  0x00863b   0x13  cstartup.o [4]
  .near_func.text    ro code  0x00864e   0x12  TimeOut.o [1]
  .near_func.text    ro code  0x008660    0xf  system.o [1]
  .near_func.text    ro code  0x00866f    0x8  main.o [1]
  .near_func.text    ro code  0x008677    0x8  TimeOut.o [1]
  .near_func.text    ro code  0x00867f    0x7  stm8s_gpio.o [1]
  .near_func.text    ro code  0x008686    0x7  stm8s_gpio.o [1]
  .near_func.text    ro code  0x00868d    0x5  TimeOut.o [1]
  .near_func.text    ro code  0x008692    0x5  cexit.o [4]
  .near_func.text    ro code  0x008697    0x4  stm8s_gpio.o [1]
  .near_func.text    ro code  0x00869b    0x4  TimeOut.o [1]
  .near_func.text    ro code  0x00869f    0x3  interrupt.o [4]
  .near_func.text    ro code  0x0086a2    0x3  low_level_init.o [4]
  .near_func.text    ro code  0x0086a5    0x3  exit.o [4]
  .near_func.text    ro code  0x0086a8    0x3  unhandled_exception.o [4]
  .near_func.text    ro code  0x0086ab    0x2  main.o [1]
  .near_func.text    ro code  0x0086ad    0x1  stm8s_it.o [1]
  .near_func.text    ro code  0x0086ae    0x1  stm8s_it.o [1]
  .near_func.text    ro code  0x0086af    0x1  stm8s_it.o [1]
  .near_func.text    ro code  0x0086b0    0x1  stm8s_it.o [1]
  .near_func.text    ro code  0x0086b1    0x1  stm8s_it.o [1]
  .near_func.text    ro code  0x0086b2    0x1  stm8s_it.o [1]
  .near_func.text    ro code  0x0086b3    0x1  stm8s_it.o [1]
  .near_func.text    ro code  0x0086b4    0x1  stm8s_it.o [1]
  .near_func.text    ro code  0x0086b5    0x1  stm8s_it.o [1]
  .near_func.text    ro code  0x0086b6    0x1  stm8s_it.o [1]
  .near_func.text    ro code  0x0086b7    0x1  stm8s_it.o [1]
  .near_func.text    ro code  0x0086b8    0x1  stm8s_it.o [1]
  .near_func.text    ro code  0x0086b9    0x1  stm8s_it.o [1]
  .near_func.text    ro code  0x0086ba    0x1  stm8s_it.o [1]
  .near_func.text    ro code  0x0086bb    0x1  stm8s_it.o [1]
  .near_func.text    ro code  0x0086bc    0x1  stm8s_it.o [1]
  .near_func.text    ro code  0x0086bd    0x1  stm8s_it.o [1]
  .near_func.text    ro code  0x0086be    0x1  stm8s_it.o [1]
  .near_func.text    ro code  0x0086bf    0x1  __dbg_break.o [3]
                            - 0x0086c0  0x640


*******************************************************************************
*** INIT TABLE
***

          Address   Size
          -------   ----
Copy (__iar_copy_init2)
    1 source range, total size 0x16:
          0x0085e9  0x16
    1 destination range, total size 0x16:
          0x00000c  0x16



*******************************************************************************
*** MODULE SUMMARY
***

    Module                 ro code  ro data  rw data
    ------                 -------  -------  -------
C:\Users\Administrator\Desktop\spi_string\spi模拟\pro\Debug\Obj: [1]
    TimeOut.o                   68        2        2
    bsp_led.o                   20
    bsp_timer.o                 28
    hal_spi.o                  216
    main.o                      10
    stm8s_gpio.o               290       71
    stm8s_it.o                  70
    stm8s_tim4.o               269       71
    stm8s_uart1.o               54       72
    system.o                    80       20       20
    ------------------------------------------------
    Total:                   1 105      236       22

command line: [2]
    ------------------------------------------------
    Total:

dbgstm8smd.a: [3]
    __dbg_break.o                1
    __dbg_xxexit.o              20
    ------------------------------------------------
    Total:                      21

dlstm8smn.a: [4]
    cexit.o                      5
    cstartup.o                  19
    exit.o                       3
    init.o                      20
    init_small.o                40
    interrupt.o                  3      128
    low_level_init.o             3
    unhandled_exception.o        3
    vreg_util.o                132
    vregs.o                                       12
    ------------------------------------------------
    Total:                     228      128       12

    Linker created                       10      256
----------------------------------------------------
    Grand Total:             1 354      374      290


*******************************************************************************
*** ENTRY LIST
***

Entry                    Address   Size  Type      Object
-----                    -------   ----  ----      ------
.iar.init_table$$Base   0x008576          --   Gb  - Linker created -
.iar.init_table$$Limit  0x008580          --   Gb  - Linker created -
?b0                     0x000000         Data  Gb  vregs.o [4]
?b1                     0x000001         Data  Gb  vregs.o [4]
?b10                    0x00000a         Data  Gb  vregs.o [4]
?b11                    0x00000b         Data  Gb  vregs.o [4]
?b2                     0x000002         Data  Gb  vregs.o [4]
?b3                     0x000003         Data  Gb  vregs.o [4]
?b4                     0x000004         Data  Gb  vregs.o [4]
?b5                     0x000005         Data  Gb  vregs.o [4]
?b6                     0x000006         Data  Gb  vregs.o [4]
?b7                     0x000007         Data  Gb  vregs.o [4]
?b8                     0x000008         Data  Gb  vregs.o [4]
?b9                     0x000009         Data  Gb  vregs.o [4]
?e0                     0x000001         Data  Gb  vregs.o [4]
?e1                     0x000005         Data  Gb  vregs.o [4]
?e2                     0x000009         Data  Gb  vregs.o [4]
?epilogue_l2            0x00820c         Code  Gb  vreg_util.o [4]
?epilogue_w4            0x008210         Code  Gb  vreg_util.o [4]
?l0                     0x000000         Data  Gb  vregs.o [4]
?l1                     0x000004         Data  Gb  vregs.o [4]
?l2                     0x000008         Data  Gb  vregs.o [4]
?pop_l0                 0x0081e3         Code  Gb  vreg_util.o [4]
?pop_l1                 0x0081ee         Code  Gb  vreg_util.o [4]
?pop_l2                 0x0081f9         Code  Gb  vreg_util.o [4]
?pop_w4                 0x0081a8         Code  Gb  vreg_util.o [4]
?push_l0                0x0081b7         Code  Gb  vreg_util.o [4]
?push_l1                0x0081bc         Code  Gb  vreg_util.o [4]
?push_l2                0x0081c1         Code  Gb  vreg_util.o [4]
?push_w4                0x008190         Code  Gb  vreg_util.o [4]
?w0                     0x000000         Data  Gb  vregs.o [4]
?w1                     0x000002         Data  Gb  vregs.o [4]
?w2                     0x000004         Data  Gb  vregs.o [4]
?w3                     0x000006         Data  Gb  vregs.o [4]
?w4                     0x000008         Data  Gb  vregs.o [4]
?w5                     0x00000a         Data  Gb  vregs.o [4]
ADC1_IRQHandler         0x0086bd    0x1  Code  Gb  stm8s_it.o [1]
AWU_IRQHandler          0x0086af    0x1  Code  Gb  stm8s_it.o [1]
CLK_IRQHandler          0x0086b0    0x1  Code  Gb  stm8s_it.o [1]
CSTACK$$Base            0x000300          --   Gb  - Linker created -
CSTACK$$Limit           0x000400          --   Gb  - Linker created -
EEPROM_EEC_IRQHandler   0x0086be    0x1  Code  Gb  stm8s_it.o [1]
EXTI_PORTA_IRQHandler   0x0086b1    0x1  Code  Gb  stm8s_it.o [1]
EXTI_PORTB_IRQHandler   0x0086b2    0x1  Code  Gb  stm8s_it.o [1]
EXTI_PORTC_IRQHandler   0x0086b3    0x1  Code  Gb  stm8s_it.o [1]
EXTI_PORTD_IRQHandler   0x0086b4    0x1  Code  Gb  stm8s_it.o [1]
EXTI_PORTE_IRQHandler   0x0086b5    0x1  Code  Gb  stm8s_it.o [1]
GPIO_Init               0x008080  0x110  Code  Gb  stm8s_gpio.o [1]
GPIO_ReadInputPin       0x008686    0x7  Code  Gb  stm8s_gpio.o [1]
GPIO_WriteHigh          0x00867f    0x7  Code  Gb  stm8s_gpio.o [1]
GPIO_WriteLow           0x008697    0x4  Code  Gb  stm8s_gpio.o [1]
I2C_IRQHandler          0x0086bc    0x1  Code  Gb  stm8s_it.o [1]
INTVEC$$Base            0x008000          --   Gb  - Linker created -
INTVEC$$Limit           0x008080          --   Gb  - Linker created -
InsBaseNum              0x000020    0x2  Data  Gb  TimeOut.o [1]
Led_Init                0x0085ff   0x14  Code  Gb  bsp_led.o [1]
Region$$Table$$Base     0x008576          --   Gb  - Linker created -
Region$$Table$$Limit    0x008580          --   Gb  - Linker created -
SPI_IRQHandler          0x0086b6    0x1  Code  Gb  stm8s_it.o [1]
SPI_Moni_Write_Buf      0x00846b   0x39  Code  Gb  hal_spi.o [1]
SPI_RW                  0x008214   0x5f  Code  Gb  hal_spi.o [1]
Spi_Init                0x00842b   0x40  Code  Gb  hal_spi.o [1]
System_Handle           0x0083ea   0x41  Code  Gb  system.o [1]
System_Handle::Cnts     0x00001f    0x1  Data  Lc  system.o [1]
System_Init             0x008660    0xf  Code  Gb  system.o [1]
TIM1_CAP_COM_IRQHandler
                        0x0086b8    0x1  Code  Gb  stm8s_it.o [1]
TIM1_UPD_OVF_TRG_BRK_IRQHandler
                        0x0086b7    0x1  Code  Gb  stm8s_it.o [1]
TIM2_CAP_COM_IRQHandler
                        0x0086ba    0x1  Code  Gb  stm8s_it.o [1]
TIM2_UPD_OVF_BRK_IRQHandler
                        0x0086b9    0x1  Code  Gb  stm8s_it.o [1]
TIM4_ClearITPendingBit  0x008531   0x24  Code  Gb  stm8s_tim4.o [1]
TIM4_Cmd                0x0084da   0x2f  Code  Gb  stm8s_tim4.o [1]
TIM4_DeInit             0x0085d0   0x19  Code  Gb  stm8s_tim4.o [1]
TIM4_ITConfig           0x0082c4   0x50  Code  Gb  stm8s_tim4.o [1]
TIM4_TimeBaseInit       0x008273   0x51  Code  Gb  stm8s_tim4.o [1]
TIM4_UPD_OVF_IRQHandler
                        0x00859c   0x1b  Code  Gb  stm8s_it.o [1]
TLI_IRQHandler          0x0086ae    0x1  Code  Gb  stm8s_it.o [1]
TRAP_IRQHandler         0x0086ad    0x1  Code  Gb  stm8s_it.o [1]
TimeOutDet_Check        0x008555   0x21  Code  Gb  TimeOut.o [1]
TimeOutDet_DecHandle    0x008677    0x8  Code  Gb  TimeOut.o [1]
TimeOutDet_Init         0x00868d    0x5  Code  Gb  TimeOut.o [1]
TimeOut_BaseValue       0x00869b    0x4  Code  Gb  TimeOut.o [1]
TimeOut_Para            0x000017    0x8  Data  Gb  system.o [1]
TimeOut_Record          0x00864e   0x12  Code  Gb  TimeOut.o [1]
Timer_Init              0x008580   0x1c  Code  Gb  bsp_timer.o [1]
UART1_ClearITPendingBit
                        0x0084a4   0x36  Code  Gb  stm8s_uart1.o [1]
UART1_RX_IRQHandler     0x0085b7   0x19  Code  Gb  stm8s_it.o [1]
UART1_TX_IRQHandler     0x0086bb    0x1  Code  Gb  stm8s_it.o [1]
UC_Buf                  0x00000c    0x7  Data  Gb  system.o [1]
__DebugBreak            0x0086bf    0x1  Code  Gb  __dbg_break.o [3]
__exit                  0x008627   0x14  Code  Gb  __dbg_xxexit.o [3]
__iar_copy_init2        0x008509         Code  Gb  init_small.o [4]
__iar_data_init2        0x008613   0x14  Code  Gb  init.o [4]
__iar_program_start     0x00863b         Code  Gb  cstartup.o [4]
__iar_unhandled_exception
                        0x0086a8         Code  Gb  unhandled_exception.o [4]
__intvec                0x008000         Data  Gb  interrupt.o [4]
__low_level_init        0x0086a2    0x3  Code  Gb  low_level_init.o [4]
_exit                   0x008692         Code  Gb  cexit.o [4]
_interrupt_1            0x0086ad         Code  Gb  stm8s_it.o [1]
_interrupt_12           0x0086b6         Code  Gb  stm8s_it.o [1]
_interrupt_13           0x0086b7         Code  Gb  stm8s_it.o [1]
_interrupt_14           0x0086b8         Code  Gb  stm8s_it.o [1]
_interrupt_15           0x0086b9         Code  Gb  stm8s_it.o [1]
_interrupt_16           0x0086ba         Code  Gb  stm8s_it.o [1]
_interrupt_19           0x0086bb         Code  Gb  stm8s_it.o [1]
_interrupt_2            0x0086ae         Code  Gb  stm8s_it.o [1]
_interrupt_20           0x0085b7         Code  Gb  stm8s_it.o [1]
_interrupt_21           0x0086bc         Code  Gb  stm8s_it.o [1]
_interrupt_24           0x0086bd         Code  Gb  stm8s_it.o [1]
_interrupt_25           0x00859c         Code  Gb  stm8s_it.o [1]
_interrupt_26           0x0086be         Code  Gb  stm8s_it.o [1]
_interrupt_3            0x0086af         Code  Gb  stm8s_it.o [1]
_interrupt_4            0x0086b0         Code  Gb  stm8s_it.o [1]
_interrupt_5            0x0086b1         Code  Gb  stm8s_it.o [1]
_interrupt_6            0x0086b2         Code  Gb  stm8s_it.o [1]
_interrupt_7            0x0086b3         Code  Gb  stm8s_it.o [1]
_interrupt_8            0x0086b4         Code  Gb  stm8s_it.o [1]
_interrupt_9            0x0086b5         Code  Gb  stm8s_it.o [1]
assert_failed           0x0086ab    0x2  Code  Gb  main.o [1]
exit                    0x0086a5    0x3  Code  Gb  exit.o [4]
main                    0x00866f    0x8  Code  Gb  main.o [1]
spi_0                   0x000013    0x4  Data  Gb  system.o [1]


[1] = C:\Users\Administrator\Desktop\spi_string\spi模拟\pro\Debug\Obj
[2] = command line
[3] = dbgstm8smd.a
[4] = dlstm8smn.a

  1 354 bytes of readonly  code memory
    374 bytes of readonly  data memory
    290 bytes of readwrite data memory

Errors: none
Warnings: none
