###############################################################################
#
# IAR ELF Linker V3.10.1.201 for STM8                     24/Jul/2019  14:23:37
# Copyright 2010-2017 IAR Systems AB.
#
#    Output file  =  
#        C:\Users\Administrator\Desktop\spi_string\spi模拟\pro\Debug\Exe\spi.out
#    Map file     =  
#        C:\Users\Administrator\Desktop\spi_string\spi模拟\pro\Debug\List\spi.map
#    Command line =  
#        -f C:\Users\ADMINI~1\AppData\Local\Temp\EW8AFB.tmp
#        (C:\Users\Administrator\Desktop\spi_string\spi模拟\pro\Debug\Obj\bsp_led.o
#        C:\Users\Administrator\Desktop\spi_string\spi模拟\pro\Debug\Obj\bsp_timer.o
#        C:\Users\Administrator\Desktop\spi_string\spi模拟\pro\Debug\Obj\hal_spi.o
#        C:\Users\Administrator\Desktop\spi_string\spi模拟\pro\Debug\Obj\main.o
#        C:\Users\Administrator\Desktop\spi_string\spi模拟\pro\Debug\Obj\stm8s_clk.o
#        C:\Users\Administrator\Desktop\spi_string\spi模拟\pro\Debug\Obj\stm8s_gpio.o
#        C:\Users\Administrator\Desktop\spi_string\spi模拟\pro\Debug\Obj\stm8s_it.o
#        C:\Users\Administrator\Desktop\spi_string\spi模拟\pro\Debug\Obj\stm8s_tim4.o
#        C:\Users\Administrator\Desktop\spi_string\spi模拟\pro\Debug\Obj\stm8s_uart1.o
#        C:\Users\Administrator\Desktop\spi_string\spi模拟\pro\Debug\Obj\system.o
#        C:\Users\Administrator\Desktop\spi_string\spi模拟\pro\Debug\Obj\TimeOut.o
#        --redirect _Printf=_PrintfSmall --redirect _Scanf=_ScanfSmall -o
#        C:\Users\Administrator\Desktop\spi_string\spi模拟\pro\Debug\Exe\spi.out
#        --map
#        C:\Users\Administrator\Desktop\spi_string\spi模拟\pro\Debug\List\spi.map
#        --config "C:\Program Files (x86)\IAR Systems\Embedded Workbench
#        8.0\stm8\config\lnkstm8s103f3.icf" --config_def _CSTACK_SIZE=0x100
#        --config_def _HEAP_SIZE=0x100 --entry __iar_program_start --debug_lib)
#
###############################################################################

*******************************************************************************
*** RUNTIME MODEL ATTRIBUTES
***

__SystemLibrary            = DLib
__code_model               = small
__core                     = stm8
__data_model               = medium
__dlib_file_descriptor     = 0
__dlib_full_locale_support = 0
__rt_version               = 4


*******************************************************************************
*** PLACEMENT SUMMARY
***

"A0":  place at start of [0x000000-0x0000ff] { rw section .vregs };
"A1":  place at end of [0x000000-0x0003ff] { block CSTACK };
"P2":  place in [from 0x000000 to 0x0003ff] {
          block HEAP, rw section __DLIB_PERTHREAD, rw section .far.bss,
          rw section .far.data, rw section .far.noinit,
          rw section .far_func.textrw, rw section .huge.bss,
          rw section .huge.data, rw section .huge.noinit,
          rw section .huge_func.textrw, rw section .iar.dynexit,
          rw section .near.bss, rw section .near.data, rw section .near.noinit,
          rw section .near_func.textrw };
"A2":  place at start of [0x008000-0x009fff] { block INTVEC };
"P3":  place in [from 0x008000 to 0x009fff] {
          ro section __DLIB_PERTHREAD_init, ro section .far.data_init,
          ro section .far_func.textrw_init, ro section .huge.data_init,
          ro section .huge_func.textrw_init, ro section .iar.init_table,
          ro section .init_array, ro section .near.data_init,
          ro section .near.rodata, ro section .near_func.text,
          ro section .near_func.textrw_init, ro section .tiny.data_init,
          ro section .tiny.rodata_init };
"P4":  place in [from 0x008000 to 0x009fff] {
          ro section .far.rodata, ro section .far_func.text };
"P5":  place in [from 0x008000 to 0x009fff] {
          ro section .huge.rodata, ro section .huge_func.text };
do not initialize {
   rw section .eeprom.noinit, rw section .far.noinit, rw section .huge.noinit,
   rw section .near.noinit, rw section .tiny.noinit, rw section .vregs };
initialize by copy {
   rw section .far.bss, rw section .far.data, rw section .far_func.textrw,
   rw section .huge.bss, rw section .huge.data, rw section .huge_func.textrw,
   rw section .iar.dynexit, rw section .near.bss, rw section .near.data,
   rw section .near_func.textrw, rw section .tiny.bss, rw section .tiny.data,
   ro section .tiny.rodata };

  Section            Kind      Address   Size  Object
  -------            ----      -------   ----  ------
"A0":                                     0xc
  .vregs             uninit   0x000000    0xc  vregs.o [4]
                            - 0x00000c    0xc

"P2":                                    0x13
  P2-1                        0x00000c   0x13  <Init block>
    .near.data       inited   0x00000c    0x4  system.o [1]
    .near.bss        inited   0x000010    0x1  hal_spi.o [1]
    .near.bss        inited   0x000011    0x1  hal_spi.o [1]
    .near.bss        inited   0x000012    0x7  hal_spi.o [1]
    .near.bss        inited   0x000019    0x2  hal_spi.o [1]
    .near.bss        inited   0x00001b    0x2  hal_spi.o [1]
    .near.bss        inited   0x00001d    0x2  TimeOut.o [1]
                            - 0x00001f   0x13

"A1":                                   0x100
  CSTACK                      0x000300  0x100  <Block>
    CSTACK           uninit   0x000300  0x100  <Block tail>
                            - 0x000400  0x100

"A2":                                    0x80
  INTVEC                      0x008000   0x80  <Block>
    .intvec          const    0x008000   0x80  interrupt.o [4]
                            - 0x008080   0x80

"P3-P5":                                0x6af
  .near_func.text    ro code  0x008080  0x110  stm8s_gpio.o [1]
  .near_func.text    ro code  0x008190   0x84  vreg_util.o [4]
  .near_func.text    ro code  0x008214   0x73  hal_spi.o [1]
  .near_func.text    ro code  0x008287   0x6f  hal_spi.o [1]
  .near_func.text    ro code  0x0082f6   0x56  hal_spi.o [1]
  .near_func.text    ro code  0x00834c   0x51  stm8s_tim4.o [1]
  .near_func.text    ro code  0x00839d   0x50  stm8s_tim4.o [1]
  .near.rodata       const    0x0083ed   0x48  stm8s_uart1.o [1]
  .near.rodata       const    0x008435   0x47  stm8s_gpio.o [1]
  .near.rodata       const    0x00847c   0x47  stm8s_tim4.o [1]
  .near_func.text    ro code  0x0084c3   0x3e  hal_spi.o [1]
  .near_func.text    ro code  0x008501   0x36  stm8s_uart1.o [1]
  .near_func.text    ro code  0x008537   0x2f  stm8s_tim4.o [1]
  .near_func.text    ro code  0x008566   0x28  init_small.o [4]
  .near_func.text    ro code  0x00858e   0x25  hal_spi.o [1]
  .near_func.text    ro code  0x0085b3   0x24  stm8s_tim4.o [1]
  .iar.init_table    const    0x0085d7    0xa  - Linker created -
  .near_func.text    ro code  0x0085e1   0x1c  bsp_timer.o [1]
  .near_func.text    ro code  0x0085fd   0x1b  stm8s_it.o [1]
  .near_func.text    ro code  0x008618   0x19  stm8s_it.o [1]
  .near_func.text    ro code  0x008631   0x19  stm8s_tim4.o [1]
  .near_func.text    ro code  0x00864a   0x16  memset.o [4]
  .near_func.text    ro code  0x008660   0x14  bsp_led.o [1]
  .near_func.text    ro code  0x008674   0x14  init.o [4]
  .near_func.text    ro code  0x008688   0x14  __dbg_xxexit.o [3]
  .near_func.text    ro code  0x00869c   0x13  cstartup.o [4]
  Initializer bytes  const    0x0086af   0x13  <for P2-1>
  .near_func.text    ro code  0x0086c2    0xf  system.o [1]
  .near_func.text    ro code  0x0086d1    0xe  hal_spi.o [1]
  .near_func.text    ro code  0x0086df    0x8  main.o [1]
  .near_func.text    ro code  0x0086e7    0x8  TimeOut.o [1]
  .near_func.text    ro code  0x0086ef    0x7  stm8s_gpio.o [1]
  .near_func.text    ro code  0x0086f6    0x7  stm8s_gpio.o [1]
  .near_func.text    ro code  0x0086fd    0x5  TimeOut.o [1]
  .near_func.text    ro code  0x008702    0x5  cexit.o [4]
  .near_func.text    ro code  0x008707    0x4  stm8s_gpio.o [1]
  .near_func.text    ro code  0x00870b    0x3  system.o [1]
  .near_func.text    ro code  0x00870e    0x3  interrupt.o [4]
  .near_func.text    ro code  0x008711    0x3  low_level_init.o [4]
  .near_func.text    ro code  0x008714    0x3  exit.o [4]
  .near_func.text    ro code  0x008717    0x3  unhandled_exception.o [4]
  .near_func.text    ro code  0x00871a    0x2  main.o [1]
  .near_func.text    ro code  0x00871c    0x1  stm8s_it.o [1]
  .near_func.text    ro code  0x00871d    0x1  stm8s_it.o [1]
  .near_func.text    ro code  0x00871e    0x1  stm8s_it.o [1]
  .near_func.text    ro code  0x00871f    0x1  stm8s_it.o [1]
  .near_func.text    ro code  0x008720    0x1  stm8s_it.o [1]
  .near_func.text    ro code  0x008721    0x1  stm8s_it.o [1]
  .near_func.text    ro code  0x008722    0x1  stm8s_it.o [1]
  .near_func.text    ro code  0x008723    0x1  stm8s_it.o [1]
  .near_func.text    ro code  0x008724    0x1  stm8s_it.o [1]
  .near_func.text    ro code  0x008725    0x1  stm8s_it.o [1]
  .near_func.text    ro code  0x008726    0x1  stm8s_it.o [1]
  .near_func.text    ro code  0x008727    0x1  stm8s_it.o [1]
  .near_func.text    ro code  0x008728    0x1  stm8s_it.o [1]
  .near_func.text    ro code  0x008729    0x1  stm8s_it.o [1]
  .near_func.text    ro code  0x00872a    0x1  stm8s_it.o [1]
  .near_func.text    ro code  0x00872b    0x1  stm8s_it.o [1]
  .near_func.text    ro code  0x00872c    0x1  stm8s_it.o [1]
  .near_func.text    ro code  0x00872d    0x1  stm8s_it.o [1]
  .near_func.text    ro code  0x00872e    0x1  __dbg_break.o [3]
                            - 0x00872f  0x6af


*******************************************************************************
*** INIT TABLE
***

          Address   Size
          -------   ----
Copy (__iar_copy_init2)
    1 source range, total size 0x13:
          0x0086af  0x13
    1 destination range, total size 0x13:
          0x00000c  0x13



*******************************************************************************
*** MODULE SUMMARY
***

    Module                 ro code  ro data  rw data
    ------                 -------  -------  -------
C:\Users\Administrator\Desktop\spi_string\spi模拟\pro\Debug\Obj: [1]
    TimeOut.o                   13        2        2
    bsp_led.o                   20
    bsp_timer.o                 28
    hal_spi.o                  425       13       13
    main.o                      10
    stm8s_gpio.o               290       71
    stm8s_it.o                  70
    stm8s_tim4.o               269       71
    stm8s_uart1.o               54       72
    system.o                    18        4        4
    ------------------------------------------------
    Total:                   1 197      233       19

command line: [2]
    ------------------------------------------------
    Total:

dbgstm8smd.a: [3]
    __dbg_break.o                1
    __dbg_xxexit.o              20
    ------------------------------------------------
    Total:                      21

dlstm8smn.a: [4]
    cexit.o                      5
    cstartup.o                  19
    exit.o                       3
    init.o                      20
    init_small.o                40
    interrupt.o                  3      128
    low_level_init.o             3
    memset.o                    22
    unhandled_exception.o        3
    vreg_util.o                132
    vregs.o                                       12
    ------------------------------------------------
    Total:                     250      128       12

    Linker created                       10      256
----------------------------------------------------
    Grand Total:             1 468      371      287


*******************************************************************************
*** ENTRY LIST
***

Entry                    Address   Size  Type      Object
-----                    -------   ----  ----      ------
.iar.init_table$$Base   0x0085d7          --   Gb  - Linker created -
.iar.init_table$$Limit  0x0085e1          --   Gb  - Linker created -
?b0                     0x000000         Data  Gb  vregs.o [4]
?b1                     0x000001         Data  Gb  vregs.o [4]
?b10                    0x00000a         Data  Gb  vregs.o [4]
?b11                    0x00000b         Data  Gb  vregs.o [4]
?b2                     0x000002         Data  Gb  vregs.o [4]
?b3                     0x000003         Data  Gb  vregs.o [4]
?b4                     0x000004         Data  Gb  vregs.o [4]
?b5                     0x000005         Data  Gb  vregs.o [4]
?b6                     0x000006         Data  Gb  vregs.o [4]
?b7                     0x000007         Data  Gb  vregs.o [4]
?b8                     0x000008         Data  Gb  vregs.o [4]
?b9                     0x000009         Data  Gb  vregs.o [4]
?e0                     0x000001         Data  Gb  vregs.o [4]
?e1                     0x000005         Data  Gb  vregs.o [4]
?e2                     0x000009         Data  Gb  vregs.o [4]
?epilogue_l2            0x00820c         Code  Gb  vreg_util.o [4]
?epilogue_w4            0x008210         Code  Gb  vreg_util.o [4]
?l0                     0x000000         Data  Gb  vregs.o [4]
?l1                     0x000004         Data  Gb  vregs.o [4]
?l2                     0x000008         Data  Gb  vregs.o [4]
?pop_l0                 0x0081e3         Code  Gb  vreg_util.o [4]
?pop_l1                 0x0081ee         Code  Gb  vreg_util.o [4]
?pop_l2                 0x0081f9         Code  Gb  vreg_util.o [4]
?pop_w4                 0x0081a8         Code  Gb  vreg_util.o [4]
?push_l0                0x0081b7         Code  Gb  vreg_util.o [4]
?push_l1                0x0081bc         Code  Gb  vreg_util.o [4]
?push_l2                0x0081c1         Code  Gb  vreg_util.o [4]
?push_w4                0x008190         Code  Gb  vreg_util.o [4]
?w0                     0x000000         Data  Gb  vregs.o [4]
?w1                     0x000002         Data  Gb  vregs.o [4]
?w2                     0x000004         Data  Gb  vregs.o [4]
?w3                     0x000006         Data  Gb  vregs.o [4]
?w4                     0x000008         Data  Gb  vregs.o [4]
?w5                     0x00000a         Data  Gb  vregs.o [4]
ADC1_IRQHandler         0x00872c    0x1  Code  Gb  stm8s_it.o [1]
AWU_IRQHandler          0x00871e    0x1  Code  Gb  stm8s_it.o [1]
CLK_IRQHandler          0x00871f    0x1  Code  Gb  stm8s_it.o [1]
CSTACK$$Base            0x000300          --   Gb  - Linker created -
CSTACK$$Limit           0x000400          --   Gb  - Linker created -
Delay_Time_us           0x00858e   0x25  Code  Lc  hal_spi.o [1]
Delay_Time_us::Counts   0x00001b    0x2  Data  Lc  hal_spi.o [1]
EEPROM_EEC_IRQHandler   0x00872d    0x1  Code  Gb  stm8s_it.o [1]
EXTI_PORTA_IRQHandler   0x008720    0x1  Code  Gb  stm8s_it.o [1]
EXTI_PORTB_IRQHandler   0x008721    0x1  Code  Gb  stm8s_it.o [1]
EXTI_PORTC_IRQHandler   0x008722    0x1  Code  Gb  stm8s_it.o [1]
EXTI_PORTD_IRQHandler   0x008723    0x1  Code  Gb  stm8s_it.o [1]
EXTI_PORTE_IRQHandler   0x008724    0x1  Code  Gb  stm8s_it.o [1]
GPIO_Init               0x008080  0x110  Code  Gb  stm8s_gpio.o [1]
GPIO_ReadInputPin       0x0086f6    0x7  Code  Gb  stm8s_gpio.o [1]
GPIO_WriteHigh          0x0086ef    0x7  Code  Gb  stm8s_gpio.o [1]
GPIO_WriteLow           0x008707    0x4  Code  Gb  stm8s_gpio.o [1]
I2C_IRQHandler          0x00872b    0x1  Code  Gb  stm8s_it.o [1]
INTVEC$$Base            0x008000          --   Gb  - Linker created -
INTVEC$$Limit           0x008080          --   Gb  - Linker created -
InsBaseNum              0x00001d    0x2  Data  Gb  TimeOut.o [1]
Led_Init                0x008660   0x14  Code  Gb  bsp_led.o [1]
Region$$Table$$Base     0x0085d7          --   Gb  - Linker created -
Region$$Table$$Limit    0x0085e1          --   Gb  - Linker created -
RevComplete             0x0086d1    0xe  Code  Lc  hal_spi.o [1]
RevData                 0x000011    0x1  Data  Gb  hal_spi.o [1]
RevDataHandle           0x0082f6   0x56  Code  Gb  hal_spi.o [1]
RevNum                  0x000010    0x1  Data  Gb  hal_spi.o [1]
RevProcessHandle        0x008287   0x6f  Code  Lc  hal_spi.o [1]
RevString               0x000012    0x7  Data  Gb  hal_spi.o [1]
RevTempData             0x000019    0x2  Data  Gb  hal_spi.o [1]
SPI_IRQHandler          0x008725    0x1  Code  Gb  stm8s_it.o [1]
Simulate_Spi_Read_Byte  0x008214   0x73  Code  Gb  hal_spi.o [1]
Spi_Init                0x0084c3   0x3e  Code  Gb  hal_spi.o [1]
System_Handle           0x00870b    0x3  Code  Gb  system.o [1]
System_Init             0x0086c2    0xf  Code  Gb  system.o [1]
TIM1_CAP_COM_IRQHandler
                        0x008727    0x1  Code  Gb  stm8s_it.o [1]
TIM1_UPD_OVF_TRG_BRK_IRQHandler
                        0x008726    0x1  Code  Gb  stm8s_it.o [1]
TIM2_CAP_COM_IRQHandler
                        0x008729    0x1  Code  Gb  stm8s_it.o [1]
TIM2_UPD_OVF_BRK_IRQHandler
                        0x008728    0x1  Code  Gb  stm8s_it.o [1]
TIM4_ClearITPendingBit  0x0085b3   0x24  Code  Gb  stm8s_tim4.o [1]
TIM4_Cmd                0x008537   0x2f  Code  Gb  stm8s_tim4.o [1]
TIM4_DeInit             0x008631   0x19  Code  Gb  stm8s_tim4.o [1]
TIM4_ITConfig           0x00839d   0x50  Code  Gb  stm8s_tim4.o [1]
TIM4_TimeBaseInit       0x00834c   0x51  Code  Gb  stm8s_tim4.o [1]
TIM4_UPD_OVF_IRQHandler
                        0x0085fd   0x1b  Code  Gb  stm8s_it.o [1]
TLI_IRQHandler          0x00871d    0x1  Code  Gb  stm8s_it.o [1]
TRAP_IRQHandler         0x00871c    0x1  Code  Gb  stm8s_it.o [1]
TimeOutDet_DecHandle    0x0086e7    0x8  Code  Gb  TimeOut.o [1]
TimeOutDet_Init         0x0086fd    0x5  Code  Gb  TimeOut.o [1]
Timer_Init              0x0085e1   0x1c  Code  Gb  bsp_timer.o [1]
UART1_ClearITPendingBit
                        0x008501   0x36  Code  Gb  stm8s_uart1.o [1]
UART1_RX_IRQHandler     0x008618   0x19  Code  Gb  stm8s_it.o [1]
UART1_TX_IRQHandler     0x00872a    0x1  Code  Gb  stm8s_it.o [1]
__DebugBreak            0x00872e    0x1  Code  Gb  __dbg_break.o [3]
__exit                  0x008688   0x14  Code  Gb  __dbg_xxexit.o [3]
__iar_copy_init2        0x008566         Code  Gb  init_small.o [4]
__iar_data_init2        0x008674   0x14  Code  Gb  init.o [4]
__iar_program_start     0x00869c         Code  Gb  cstartup.o [4]
__iar_unhandled_exception
                        0x008717         Code  Gb  unhandled_exception.o [4]
__intvec                0x008000         Data  Gb  interrupt.o [4]
__low_level_init        0x008711    0x3  Code  Gb  low_level_init.o [4]
_exit                   0x008702         Code  Gb  cexit.o [4]
_interrupt_1            0x00871c         Code  Gb  stm8s_it.o [1]
_interrupt_12           0x008725         Code  Gb  stm8s_it.o [1]
_interrupt_13           0x008726         Code  Gb  stm8s_it.o [1]
_interrupt_14           0x008727         Code  Gb  stm8s_it.o [1]
_interrupt_15           0x008728         Code  Gb  stm8s_it.o [1]
_interrupt_16           0x008729         Code  Gb  stm8s_it.o [1]
_interrupt_19           0x00872a         Code  Gb  stm8s_it.o [1]
_interrupt_2            0x00871d         Code  Gb  stm8s_it.o [1]
_interrupt_20           0x008618         Code  Gb  stm8s_it.o [1]
_interrupt_21           0x00872b         Code  Gb  stm8s_it.o [1]
_interrupt_24           0x00872c         Code  Gb  stm8s_it.o [1]
_interrupt_25           0x0085fd         Code  Gb  stm8s_it.o [1]
_interrupt_26           0x00872d         Code  Gb  stm8s_it.o [1]
_interrupt_3            0x00871e         Code  Gb  stm8s_it.o [1]
_interrupt_4            0x00871f         Code  Gb  stm8s_it.o [1]
_interrupt_5            0x008720         Code  Gb  stm8s_it.o [1]
_interrupt_6            0x008721         Code  Gb  stm8s_it.o [1]
_interrupt_7            0x008722         Code  Gb  stm8s_it.o [1]
_interrupt_8            0x008723         Code  Gb  stm8s_it.o [1]
_interrupt_9            0x008724         Code  Gb  stm8s_it.o [1]
assert_failed           0x00871a    0x2  Code  Gb  main.o [1]
exit                    0x008714    0x3  Code  Gb  exit.o [4]
main                    0x0086df    0x8  Code  Gb  main.o [1]
memset                  0x00864a   0x16  Code  Gb  memset.o [4]
spi_0                   0x00000c    0x4  Data  Gb  system.o [1]


[1] = C:\Users\Administrator\Desktop\spi_string\spi模拟\pro\Debug\Obj
[2] = command line
[3] = dbgstm8smd.a
[4] = dlstm8smn.a

  1 468 bytes of readonly  code memory
    371 bytes of readonly  data memory
    287 bytes of readwrite data memory

Errors: none
Warnings: none
